Component: ARM Compiler 5.06 update 6 (build 750) Tool: armlink [4d35ed]

==============================================================================

Section Cross References

    stm32.o(i._Z12clock_enableP12GPIO_TypeDefb) refers to stm32.o(t._ZN4__rw11__rw_insertIcSt11char_traitsIcEPKvEERSt13basic_ostreamIT_T0_ES9_T1_) for std::basic_ostream<T1, T2>& __rw::__rw_insert<char, std::char_traits<char>, const void*>(std::basic_ostream<T1, T2>&, T3)
    stm32.o(i._Z12clock_enableP12GPIO_TypeDefb) refers to ios.o(.data) for std::cout
    stm32.o(i._Z7pinModeP12GPIO_TypeDefiii) refers to stm32.o(i._Z17configPinAsOutputP12GPIO_TypeDefi) for configPinAsOutput(GPIO_TypeDef*, int)
    stm32.o(i._Z7pinModeP12GPIO_TypeDefiii) refers to stm32.o(i._Z16configPinAsInputP12GPIO_TypeDefi) for configPinAsInput(GPIO_TypeDef*, int)
    stm32.o(i.__sti___9_STM32_cpp_6a897631) refers to ios.o(i._ZNSt8ios_base4InitC1Ev) for std::ios_base::Init::Init()
    stm32.o(i.__sti___9_STM32_cpp_6a897631) refers to aeabi_atexit.o(.text) for __aeabi_atexit
    stm32.o(i.__sti___9_STM32_cpp_6a897631) refers to cxa_guard_acquire.o(i.__cxa_guard_acquire) for __cxa_guard_acquire
    stm32.o(i.__sti___9_STM32_cpp_6a897631) refers to stm32.o(i._ZNSt6locale2idC1Ev) for std::locale::id::id()
    stm32.o(i.__sti___9_STM32_cpp_6a897631) refers to stm32.o(.data) for __rw::__rw_stream_initializer
    stm32.o(i.__sti___9_STM32_cpp_6a897631) refers to ios.o(i._ZNSt8ios_base4InitD1Ev) for std::ios_base::Init::~Init()
    stm32.o(i.__sti___9_STM32_cpp_6a897631) refers to stm32.o(.data__ZNSt8numpunctIcE2idE) for guard variable for std::numpunct<char>::id
    stm32.o(i.__sti___9_STM32_cpp_6a897631) refers to stm32.o(.data__ZNSt7num_putIcSt19ostreambuf_iteratorIcSt11char_traitsIcEEE2idE) for guard variable for std::num_put<char, std::ostreambuf_iterator<char, std::char_traits<char>>>::id
    stm32.o(.ARM.exidx) refers to stm32.o(i._Z12clock_enableP12GPIO_TypeDefb) for i._Z12clock_enableP12GPIO_TypeDefb
    stm32.o(.ARM.exidx) refers to stm32.o(i._Z17configPinAsOutputP12GPIO_TypeDefi) for i._Z17configPinAsOutputP12GPIO_TypeDefi
    stm32.o(.ARM.exidx) refers to stm32.o(i._Z16configPinAsInputP12GPIO_TypeDefi) for i._Z16configPinAsInputP12GPIO_TypeDefi
    stm32.o(.ARM.exidx) refers to stm32.o(i._Z7pinModeP12GPIO_TypeDefiii) for i._Z7pinModeP12GPIO_TypeDefiii
    stm32.o(.ARM.exidx) refers to stm32.o(i._Z12digitalWriteP12GPIO_TypeDefib) for i._Z12digitalWriteP12GPIO_TypeDefib
    stm32.o(.ARM.exidx) refers to stm32.o(i._Z11digitalReadP12GPIO_TypeDefi) for i._Z11digitalReadP12GPIO_TypeDefi
    stm32.o(.ARM.exidx) refers to stm32.o(i.__sti___9_STM32_cpp_6a897631) for i.__sti___9_STM32_cpp_6a897631
    stm32.o(.init_array) refers to stm32.o(i.__sti___9_STM32_cpp_6a897631) for __sti___9_STM32_cpp_6a897631
    stm32.o(.init_array) refers to init_aeabi.o(.text) for __cpp_initialize__aeabi_
    app.o(i.main) refers to stm32.o(i._Z12clock_enableP12GPIO_TypeDefb) for clock_enable(GPIO_TypeDef*, bool)
    app.o(i.main) refers to stm32.o(i._Z7pinModeP12GPIO_TypeDefiii) for pinMode(GPIO_TypeDef*, int, int, int)
    app.o(i.main) refers to stm32.o(i._Z12digitalWriteP12GPIO_TypeDefib) for digitalWrite(GPIO_TypeDef*, int, bool)
    app.o(.ARM.exidx) refers to app.o(i.main) for i.main
    startup_stm32f10x_md.o(STACK) refers (Special) to heapauxi.o(.text) for __use_two_region_memory
    startup_stm32f10x_md.o(HEAP) refers (Special) to heapauxi.o(.text) for __use_two_region_memory
    startup_stm32f10x_md.o(RESET) refers (Special) to heapauxi.o(.text) for __use_two_region_memory
    startup_stm32f10x_md.o(RESET) refers to startup_stm32f10x_md.o(STACK) for __initial_sp
    startup_stm32f10x_md.o(RESET) refers to startup_stm32f10x_md.o(.text) for Reset_Handler
    startup_stm32f10x_md.o(.text) refers (Special) to heapauxi.o(.text) for __use_two_region_memory
    startup_stm32f10x_md.o(.text) refers to system_stm32f10x.o(i.SystemInit) for SystemInit
    startup_stm32f10x_md.o(.text) refers to __main.o(!!!main) for __main
    startup_stm32f10x_md.o(.text) refers to startup_stm32f10x_md.o(HEAP) for Heap_Mem
    startup_stm32f10x_md.o(.text) refers to startup_stm32f10x_md.o(STACK) for Stack_Mem
    system_stm32f10x.o(i.SetSysClock) refers to system_stm32f10x.o(i.SetSysClockTo72) for SetSysClockTo72
    system_stm32f10x.o(i.SystemCoreClockUpdate) refers to system_stm32f10x.o(.data) for SystemCoreClock
    system_stm32f10x.o(i.SystemInit) refers to system_stm32f10x.o(i.SetSysClock) for SetSysClock
    fflush.o(.text) refers to stdio.o(.text) for _fflush
    fflush.o(.text) refers to fseek.o(.text) for _fseek
    fflush.o(.text) refers to stdio_streams.o(.bss) for __stdin
    stdio_streams.o(.bss) refers (Special) to initio.o(.text) for _initio
    stdio_streams.o(.bss) refers (Special) to initio.o(.text) for _initio
    stdio_streams.o(.bss) refers (Special) to initio.o(.text) for _initio
    stdio_streams.o(.data) refers (Special) to initio.o(.text) for _initio
[...]
    std::basic_streambuf<char, std::char_traits<char>>::_C_set_unbuffered(bool) 0x08007c85   Thumb Code    18  ios.o(t._ZNSt15basic_streambufIcSt11char_traitsIcEE17_C_set_unbufferedEb)
    std::basic_streambuf<char, std::char_traits<char>>::sync() 0x08007c97   Thumb Code     4  ios.o(t._ZNSt15basic_streambufIcSt11char_traitsIcEE4syncEv)
    std::basic_streambuf<char, std::char_traits<char>>::sputc(char) 0x08007c9b   Thumb Code    32  ios.o(t._ZNSt15basic_streambufIcSt11char_traitsIcEE5sputcEc)
    std::basic_streambuf<char, std::char_traits<char>>::setbuf(char*, long) 0x08007cbb   Thumb Code     2  ios.o(t._ZNSt15basic_streambufIcSt11char_traitsIcEE6setbufEPcl)
    std::basic_streambuf<char, std::char_traits<char>>::pubsync() 0x08007cbd   Thumb Code    14  stm32.o(t._ZNSt15basic_streambufIcSt11char_traitsIcEE7pubsyncEv)
    std::basic_streambuf<char, std::char_traits<char>>::seekoff(long, std::ios_base::_C_seekdir, int) 0x08007ccb   Thumb Code     8  ios.o(t._ZNSt15basic_streambufIcSt11char_traitsIcEE7seekoffElNSt8ios_base10_C_seekdirEi)
    std::basic_streambuf<char, std::char_traits<char>>::overflow(int) 0x08007cd3   Thumb Code     6  ios.o(t._ZNSt15basic_streambufIcSt11char_traitsIcEE8overflowEi)
    std::basic_streambuf<char, std::char_traits<char>>::pubsetbuf(char*, long) 0x08007cd9   Thumb Code     6  ios.o(t._ZNSt15basic_streambufIcSt11char_traitsIcEE9pubsetbufEPcl)
    std::basic_streambuf<wchar_t, std::char_traits<wchar_t>>::_C_own_buf(bool) 0x08007cdf   Thumb Code    18  ios.o(t._ZNSt15basic_streambufIwSt11char_traitsIwEE10_C_own_bufEb)
    std::basic_streambuf<wchar_t, std::char_traits<wchar_t>>::_C_out_last(bool) 0x08007cf1   Thumb Code    18  ios.o(t._ZNSt15basic_streambufIwSt11char_traitsIwEE11_C_out_lastEb)
    std::basic_streambuf<wchar_t, std::char_traits<wchar_t>>::_C_set_unbuffered(bool) 0x08007d03   Thumb Code    18  ios.o(t._ZNSt15basic_streambufIwSt11char_traitsIwEE17_C_set_unbufferedEb)
    std::basic_streambuf<wchar_t, std::char_traits<wchar_t>>::sputc(wchar_t) 0x08007d15   Thumb Code    34  ios.o(t._ZNSt15basic_streambufIwSt11char_traitsIwEE5sputcEw)
    std::basic_streambuf<wchar_t, std::char_traits<wchar_t>>::setbuf(wchar_t*, long) 0x08007d37   Thumb Code     2  ios.o(t._ZNSt15basic_streambufIwSt11char_traitsIwEE6setbufEPwl)
    std::basic_streambuf<wchar_t, std::char_traits<wchar_t>>::overflow(int) 0x08007d39   Thumb Code     6  ios.o(t._ZNSt15basic_streambufIwSt11char_traitsIwEE8overflowEi)
    std::basic_streambuf<wchar_t, std::char_traits<wchar_t>>::pubsetbuf(wchar_t*, long) 0x08007d3f   Thumb Code     6  ios.o(t._ZNSt15basic_streambufIwSt11char_traitsIwEE9pubsetbufEPwl)
    std::numpunct_byname<char>::numpunct_byname(const char*, unsigned) 0x08007d45   Thumb Code    40  stm32.o(t._ZNSt15numpunct_bynameIcEC1EPKcj)
    std::numpunct_byname<char>::numpunct_byname__sub_object(const char*, unsigned) 0x08007d45   Thumb Code     0  stm32.o(t._ZNSt15numpunct_bynameIcEC1EPKcj)
    std::ostreambuf_iterator<char, std::char_traits<char>>::operator =(char) 0x08007d71   Thumb Code    54  stm32.o(t._ZNSt19ostreambuf_iteratorIcSt11char_traitsIcEEaSEc)
    std::fpos<std::__mbstate_t>::fpos(const std::fpos<std::__mbstate_t>&) 0x08007da7   Thumb Code    14  ios.o(t._ZNSt4fposISt11__mbstate_tEC1ERKS1_)
    std::fpos<std::__mbstate_t>::fpos__sub_object(const std::fpos<std::__mbstate_t>&) 0x08007da7   Thumb Code     0  ios.o(t._ZNSt4fposISt11__mbstate_tEC1ERKS1_)
    std::fpos<std::__mbstate_t>::fpos(long)  0x08007db5   Thumb Code    10  ios.o(t._ZNSt4fposISt11__mbstate_tEC1El)
    std::fpos<std::__mbstate_t>::fpos__sub_object(long) 0x08007db5   Thumb Code     0  ios.o(t._ZNSt4fposISt11__mbstate_tEC1El)
    std::fpos<std::__mbstate_t>::operator =(const std::fpos<std::__mbstate_t>&) 0x08007dbf   Thumb Code    18  ios.o(t._ZNSt4fposISt11__mbstate_tEaSERKS1_)
    std::fpos<std::__mbstate_t>::operator +=(long) 0x08007dd1   Thumb Code     8  ios.o(t._ZNSt4fposISt11__mbstate_tEpLEl)
    std::num_put<char, std::ostreambuf_iterator<char, std::char_traits<char>>>::num_put(unsigned) 0x08007dd9   Thumb Code    26  stm32.o(t._ZNSt7num_putIcSt19ostreambuf_iteratorIcSt11char_traitsIcEEEC1Ej)
    std::num_put<char, std::ostreambuf_iterator<char, std::char_traits<char>>>::num_put__sub_object(unsigned) 0x08007dd9   Thumb Code     0  stm32.o(t._ZNSt7num_putIcSt19ostreambuf_iteratorIcSt11char_traitsIcEEEC1Ej)
    std::numpunct<char>::_C_initfacet(const std::locale&) 0x08007df9   Thumb Code   130  char.o(t._ZNSt8numpunctIcE12_C_initfacetERKSt6locale)
    std::numpunct<char>::numpunct(unsigned, const __rw::__rw_numpunct_init_data<char>*) 0x08007e7d   Thumb Code    52  stm32.o(t._ZNSt8numpunctIcEC1EjPKN4__rw23__rw_numpunct_init_dataIcEE)
    std::numpunct<char>::numpunct__sub_object(unsigned, const __rw::__rw_numpunct_init_data<char>*) 0x08007e7d   Thumb Code     0  stm32.o(t._ZNSt8numpunctIcEC1EjPKN4__rw23__rw_numpunct_init_dataIcEE)
    std::basic_ios<char, std::char_traits<char>>::init(std::basic_streambuf<char, std::char_traits<char>>*) 0x08007eb5   Thumb Code    84  ios.o(t._ZNSt9basic_iosIcSt11char_traitsIcEE4initEPSt15basic_streambufIcS1_E)
    std::basic_ios<char, std::char_traits<char>>::clear(int, int) 0x08007f11   Thumb Code    42  stm32.o(t._ZNSt9basic_iosIcSt11char_traitsIcEE5clearEii)
    std::basic_ios<char, std::char_traits<char>>::setstate(int) 0x08007f3b   Thumb Code    30  stm32.o(t._ZNSt9basic_iosIcSt11char_traitsIcEE8setstateEi)
    std::basic_ios<char, std::char_traits<char>>::basic_ios() 0x08007f59   Thumb Code    12  ios.o(t._ZNSt9basic_iosIcSt11char_traitsIcEEC1Ev)
    std::basic_ios<char, std::char_traits<char>>::basic_ios__sub_object() 0x08007f59   Thumb Code     0  ios.o(t._ZNSt9basic_iosIcSt11char_traitsIcEEC1Ev)
    std::basic_ios<wchar_t, std::char_traits<wchar_t>>::init(std::basic_streambuf<wchar_t, std::char_traits<wchar_t>>*) 0x08007f69   Thumb Code    82  ios.o(t._ZNSt9basic_iosIwSt11char_traitsIwEE4initEPSt15basic_streambufIwS1_E)
    std::basic_ios<wchar_t, std::char_traits<wchar_t>>::basic_ios() 0x08007fc5   Thumb Code    12  ios.o(t._ZNSt9basic_iosIwSt11char_traitsIwEEC1Ev)
    std::basic_ios<wchar_t, std::char_traits<wchar_t>>::basic_ios__sub_object() 0x08007fc5   Thumb Code     0  ios.o(t._ZNSt9basic_iosIwSt11char_traitsIwEEC1Ev)
    const T1& std::max<unsigned>(const T1&, const T1&) 0x08007fd5   Thumb Code    12  char.o(t._ZSt3maxIjERKT_S2_S2_)
    const T1& std::use_facet<std::codecvt<char, char, std::__mbstate_t>>(const std::locale&) 0x08007fe1   Thumb Code    18  ios.o(t._ZSt9use_facetISt7codecvtIccSt11__mbstate_tEERKT_RKSt6locale)
    const T1& std::use_facet<std::codecvt<wchar_t, char, std::__mbstate_t>>(const std::locale&) 0x08007ffd   Thumb Code    18  ios.o(t._ZSt9use_facetISt7codecvtIwcSt11__mbstate_tEERKT_RKSt6locale)
    __aeabi_d2f                              0x08008019   Thumb Code     0  d2f.o(x$fpl$d2f)
    _d2f                                     0x08008019   Thumb Code    98  d2f.o(x$fpl$d2f)
    __fpl_dcheck_NaN1                        0x0800807d   Thumb Code    10  dcheck1.o(x$fpl$dcheck1)
    __fpl_dcmp_Inf                           0x0800808d   Thumb Code    24  dcmpi.o(x$fpl$dcmpinf)
    __aeabi_cdcmpeq                          0x080080a5   Thumb Code     0  deqf.o(x$fpl$deqf)
    _dcmpeq                                  0x080080a5   Thumb Code   120  deqf.o(x$fpl$deqf)
    __aeabi_cdcmple                          0x0800811d   Thumb Code     0  dleqf.o(x$fpl$dleqf)
    _dcmple                                  0x0800811d   Thumb Code   120  dleqf.o(x$fpl$dleqf)
    __fpl_dcmple_InfNaN                      0x0800817f   Thumb Code     0  dleqf.o(x$fpl$dleqf)
    __fpl_dnaninf                            0x08008195   Thumb Code   156  dnaninf.o(x$fpl$dnaninf)
    __aeabi_cdrcmple                         0x08008231   Thumb Code     0  drleqf.o(x$fpl$drleqf)
    _drcmple                                 0x08008231   Thumb Code   108  drleqf.o(x$fpl$drleqf)
    __fpl_fretinf                            0x0800829d   Thumb Code    10  fretinf.o(x$fpl$fretinf)
    __ieee_status                            0x080082a7   Thumb Code     6  istatus.o(x$fpl$ieeestatus)
    _printf_fp_dec                           0x080082ad   Thumb Code     4  printf1.o(x$fpl$printf1)
    _printf_fp_hex                           0x080082b1   Thumb Code     4  printf2.o(x$fpl$printf2)
    __fpl_return_NaN                         0x080082b5   Thumb Code   100  retnan.o(x$fpl$retnan)
    __ARM_scalbn                             0x08008319   Thumb Code    92  scalbn.o(x$fpl$scalbn)
    _scanf_real                              0x08008375   Thumb Code     4  scanf1.o(x$fpl$scanf1)
    _scanf_hex_real                          0x08008379   Thumb Code     4  scanf2.o(x$fpl$scanf2)
    _scanf_infnan                            0x0800837d   Thumb Code     4  scanf2.o(x$fpl$scanf2)
    __fpl_cmpreturn                          0x08008381   Thumb Code    48  trapv.o(x$fpl$trapveneer)
    std::ctype<char>::_C_classic_table       0x080083b0   Data         512  char.o(.constdata)
    __I$use$fp                               0x080083b0   Number         0  usenofp.o(x$fpl$usenofp)
    __stdin_name                             0x080086a5   Data           4  sys_io.o(.constdata)
    __stdout_name                            0x080086a9   Data           4  sys_io.o(.constdata)
    __stderr_name                            0x080086ad   Data           4  sys_io.o(.constdata)
    __rw::__rw_bool_name<char>::_C_name      0x0800876c   Data          12  stm32.o(.constdata__ZN4__rw14__rw_bool_nameIcE7_C_nameE)
    __rw::__rw_numpunct_impl<char>::_C_ivals 0x08008778   Data          16  stm32.o(.constdata__ZN4__rw18__rw_numpunct_implIcE8_C_ivalsE)
    vtable for __rw::__rw_digit_writer<char, std::ostreambuf_iterator<char, std::char_traits<char>>> 0x08008788   Data          16  stm32.o(.constdata__ZTVN4__rw17__rw_digit_writerIcSt19ostreambuf_iteratorIcSt11char_traitsIcEEEE)
    vtable for __rw::__rw_digit_writer_base  0x08008798   Data          16  stm32.o(.constdata__ZTVN4__rw22__rw_digit_writer_baseE)
    vtable for __rw::__rw_digit_writer_base_1<char> 0x080087a8   Data          16  stm32.o(.constdata__ZTVN4__rw24__rw_digit_writer_base_1IcEE)
    vtable for std::locale::facet            0x080087b8   Data          20  stm32.o(.constdata__ZTVNSt6locale5facetE)
    VTT for std::basic_istream<char, std::char_traits<char>> 0x080087cc   Data           8  ios.o(.constdata__ZTVSi)
    vtable for std::basic_istream<char, std::char_traits<char>> 0x080087d4   Data          40  ios.o(.constdata__ZTVSi)
    VTT for std::basic_ostream<char, std::char_traits<char>> 0x080087fc   Data           8  ios.o(.constdata__ZTVSo)
    vtable for std::basic_ostream<char, std::char_traits<char>> 0x08008804   Data          40  ios.o(.constdata__ZTVSo)
    vtable for std::ctype_byname<char>       0x0800882c   Data          52  char.o(.constdata__ZTVSt12ctype_bynameIcE)
    vtable for std::basic_filebuf<char, std::char_traits<char>> 0x08008860   Data          64  ios.o(.constdata__ZTVSt13basic_filebufIcSt11char_traitsIcEE)
    vtable for std::basic_filebuf<wchar_t, std::char_traits<wchar_t>> 0x080088a0   Data          64  ios.o(.constdata__ZTVSt13basic_filebufIwSt11char_traitsIwEE)
    VTT for std::basic_istream<wchar_t, std::char_traits<wchar_t>> 0x080088e0   Data           8  ios.o(.constdata__ZTVSt13basic_istreamIwSt11char_traitsIwEE)
    vtable for std::basic_istream<wchar_t, std::char_traits<wchar_t>> 0x080088e8   Data          40  ios.o(.constdata__ZTVSt13basic_istreamIwSt11char_traitsIwEE)
    VTT for std::basic_ostream<wchar_t, std::char_traits<wchar_t>> 0x08008910   Data           8  ios.o(.constdata__ZTVSt13basic_ostreamIwSt11char_traitsIwEE)
    vtable for std::basic_ostream<wchar_t, std::char_traits<wchar_t>> 0x08008918   Data          40  ios.o(.constdata__ZTVSt13basic_ostreamIwSt11char_traitsIwEE)
    vtable for std::__rw_exception           0x08008940   Data          20  rwstdexcept.o(.constdata__ZTVSt14__rw_exception)
    vtable for std::basic_streambuf<char, std::char_traits<char>> 0x08008954   Data          64  ios.o(.constdata__ZTVSt15basic_streambufIcSt11char_traitsIcEE)
    vtable for std::basic_streambuf<wchar_t, std::char_traits<wchar_t>> 0x08008994   Data          64  ios.o(.constdata__ZTVSt15basic_streambufIwSt11char_traitsIwEE)
    vtable for std::numpunct_byname<char>    0x080089d4   Data          40  stm32.o(.constdata__ZTVSt15numpunct_bynameIcE)
    vtable for std::ctype<char>              0x080089fc   Data          52  char.o(.constdata__ZTVSt5ctypeIcE)
    vtable for std::ctype<wchar_t>           0x08008a30   Data          68  ios.o(.constdata__ZTVSt5ctypeIwE)
    vtable for std::codecvt<char, char, std::__mbstate_t> 0x08008a74   Data          48  ios.o(.constdata__ZTVSt7codecvtIccSt11__mbstate_tE)
    vtable for std::codecvt<wchar_t, char, std::__mbstate_t> 0x08008aa4   Data          48  ios.o(.constdata__ZTVSt7codecvtIwcSt11__mbstate_tE)
    vtable for std::num_put<char, std::ostreambuf_iterator<char, std::char_traits<char>>> 0x08008ad4   Data          68  stm32.o(.constdata__ZTVSt7num_putIcSt19ostreambuf_iteratorIcSt11char_traitsIcEEE)
    vtable for std::ios_base                 0x08008b18   Data          16  ios.o(.constdata__ZTVSt8ios_base)
    vtable for std::messages<char>           0x08008b28   Data          32  rwstdexcept.o(.constdata__ZTVSt8messagesIcE)
    vtable for std::numpunct<char>           0x08008b48   Data          40  stm32.o(.constdata__ZTVSt8numpunctIcE)
    vtable for std::basic_ios<char, std::char_traits<char>> 0x08008b70   Data          16  ios.o(.constdata__ZTVSt9basic_iosIcSt11char_traitsIcEE)
    vtable for std::basic_ios<wchar_t, std::char_traits<wchar_t>> 0x08008b80   Data          16  ios.o(.constdata__ZTVSt9basic_iosIwSt11char_traitsIwEE)
    vtable for std::exception                0x08008b90   Data          20  exception_dtor.o(.constdata__ZTVSt9exception)
    T1* __rw::__rw_create_native_facet<std::ctype<wchar_t>>(T1*)::string 0x08008ba4   Data           1  ios.o(.constdata__ZZN4__rw24__rw_create_native_facetISt5ctypeIwEEEPT_S4_Es)
    T1* __rw::__rw_create_native_facet<std::codecvt<char, char, std::__mbstate_t>>(T1*)::string 0x08008ba5   Data           1  ios.o(.constdata__ZZN4__rw24__rw_create_native_facetISt7codecvtIccSt11__mbstate_tEEEPT_S5_Es)
    T1* __rw::__rw_create_native_facet<std::codecvt<wchar_t, char, std::__mbstate_t>>(T1*)::string 0x08008ba6   Data           1  ios.o(.constdata__ZZN4__rw24__rw_create_native_facetISt7codecvtIwcSt11__mbstate_tEEEPT_S5_Es)
    T1* __rw::__rw_create_native_facet<std::num_put<char, std::ostreambuf_iterator<char, std::char_traits<char>>>>(T1*)::string 0x08008ba7   Data           1  stm32.o(.constdata__ZZN4__rw24__rw_create_native_facetISt7num_putIcSt19ostreambuf_iteratorIcSt11char_traitsIcEEEEEPT_S8_Es)
    T1* __rw::__rw_create_native_facet<std::numpunct<char>>(T1*)::string 0x08008ba8   Data           1  stm32.o(.constdata__ZZN4__rw24__rw_create_native_facetISt8numpunctIcEEEPT_S4_Es)
    __rw::__rw_locale_imp::_C_category_name(int) const::string 0x08008ba9   Data           1  locale.o(.constdata__ZZNK4__rw15__rw_locale_imp16_C_category_nameEiEs)
    std::basic_string<char, std::char_traits<char>, std::allocator<char>>::replace(unsigned, unsigned, const char*, unsigned, unsigned, unsigned)::string 0x08008baa   Data           1  stm32.o(.constdata__ZZNSs7replaceEjjPKcjjjEs)
    std::basic_string<char, std::char_traits<char>, std::allocator<char>>::_C_getRep(unsigned, unsigned)::string 0x08008bab   Data           1  stm32.o(.constdata__ZZNSs9_C_getRepEjjEs)
    std::messages<char>::messages(unsigned)::string 0x08008bac   Data           2  rwstdexcept.o(.constdata__ZZNSt8messagesIcEC1EjEs)
    Region$$Table$$Base                      0x08008e28   Number         0  anon$$obj.o(Region$$Table)
    Region$$Table$$Limit                     0x08008e48   Number         0  anon$$obj.o(Region$$Table)
    __aeabi_HUGE_VAL                         0x08008e48   Data           0  fpconst.o(c$$dinf)
    __aeabi_HUGE_VALL                        0x08008e48   Data           0  fpconst.o(c$$dinf)
    __aeabi_INFINITY                         0x08008e48   Data           0  fpconst.o(c$$dinf)
    __dInf                                   0x08008e48   Data           0  fpconst.o(c$$dinf)
    __huge_val                               0x08008e48   Data           0  fpconst.o(c$$dinf)
    __dbl_max                                0x08008e50   Data           0  fpconst.o(c$$dmax)
    __ctype                                  0x08008e65   Data           0  lc_ctype_c.o(locale$$data)
    __lcnull_start                           0x08008f74   Data           4  null_locale.o(locale$$data)
    SHT$$INIT_ARRAY$$Base                    0x08008fcc   Number         0  stm32.o(.init_array)
    SHT$$INIT_ARRAY$$Limit                   0x08008fdc   Number         0  rwcats.o(.init_array)
    __aeabi_stdin                            0x20000004   Data           4  stdio_streams.o(.data)
    __aeabi_stdout                           0x20000008   Data           4  stdio_streams.o(.data)
    __aeabi_stderr                           0x2000000c   Data           4  stdio_streams.o(.data)
    std::ctype<char>::id                     0x20000010   Data           4  char.o(.data)
    std::ctype<wchar_t>::id                  0x20000014   Data           4  char.o(.data)
    std::ios_base::_C_sync_with_stdio        0x20000018   Data           1  ios.o(.data)
    std::ios_base::Init::_C_initcnt          0x2000001c   Data           4  ios.o(.data)
    std::cout                                0x20000028   Data           4  ios.o(.data)
    std::locale::_C_classic                  0x20000034   Data           4  locale.o(.data)
    std::locale::_C_native                   0x20000038   Data           4  locale.o(.data)
    std::locale::_C_global                   0x2000003c   Data           4  locale.o(.data)
    std::codecvt<char, char, std::__mbstate_t>::id 0x20000040   Data           4  locale.o(.data)
    std::codecvt<wchar_t, char, std::__mbstate_t>::id 0x20000044   Data           4  locale.o(.data)
    __rw::__rw_synchronized::_C_mutex        0x2000005f   Data           1  rwstdexcept.o(.data)
    __rw_throw_proc                          0x20000060   Data           4  rwthrowproc_noex.o(.data)
    guard variable for std::num_put<char, std::ostreambuf_iterator<char, std::char_traits<char>>>::id 0x2000006c   Data           4  stm32.o(.data__ZNSt7num_putIcSt19ostreambuf_iteratorIcSt11char_traitsIcEEE2idE)
    std::num_put<char, std::ostreambuf_iterator<char, std::char_traits<char>>>::id 0x20000070   Data           4  stm32.o(.data__ZNSt7num_putIcSt19ostreambuf_iteratorIcSt11char_traitsIcEEE2idE)
    guard variable for std::numpunct<char>::id 0x20000074   Data           4  stm32.o(.data__ZNSt8numpunctIcE2idE)
    std::numpunct<char>::id                  0x20000078   Data           4  stm32.o(.data__ZNSt8numpunctIcE2idE)
    std::locale::id::_C_init() const::_C_id_gen 0x2000007c   Data           4  locale.o(.data__ZZNKSt6locale2id7_C_initEvE9_C_id_gen)
    guard variable for std::__rw_get_cats()::__open_cats 0x20000080   Data           4  messages.o(.data__ZZSt13__rw_get_catsvE11__open_cats)
    std::__rw_get_cats()::__open_cats        0x20000084   Data           8  messages.o(.data__ZZSt13__rw_get_catsvE11__open_cats)
    __stdin                                  0x2000008c   Data          84  stdio_streams.o(.bss)
    __stdout                                 0x200000e0   Data          84  stdio_streams.o(.bss)
    __stderr                                 0x20000134   Data          84  stdio_streams.o(.bss)
    std::__rw_cin_databuf                    0x20000188   Data         512  ios.o(.bss)
    std::__rw_cin_buffer                     0x20000388   Data          88  ios.o(.bss)
    std::__rw_indestructible_cin             0x200003e0   Data          80  ios.o(.bss)
    std::__rw_cout_databuf                   0x20000430   Data         512  ios.o(.bss)
    std::__rw_cout_buffer                    0x20000630   Data          88  ios.o(.bss)
    std::__rw_indestructible_cout            0x20000688   Data          72  ios.o(.bss)
    std::__rw_cerr_databuf                   0x200006d0   Data         512  ios.o(.bss)
    std::__rw_cerr_buffer                    0x200008d0   Data          88  ios.o(.bss)
    std::__rw_indestructible_cerr            0x20000928   Data          72  ios.o(.bss)
    std::__rw_clog_databuf                   0x20000970   Data         512  ios.o(.bss)
    std::__rw_clog_buffer                    0x20000b70   Data          88  ios.o(.bss)
    std::__rw_indestructible_clog            0x20000bc8   Data          72  ios.o(.bss)
    std::__rw_wcin_databuf                   0x20000c10   Data        1024  ios.o(.bss)
    std::__rw_wcin_buffer                    0x20001010   Data          88  ios.o(.bss)
    std::__rw_indestructible_wcin            0x20001068   Data          80  ios.o(.bss)
    std::__rw_wcout_databuf                  0x200010b8   Data        1024  ios.o(.bss)
    std::__rw_wcout_buffer                   0x200014b8   Data          88  ios.o(.bss)
    std::__rw_indestructible_wcout           0x20001510   Data          72  ios.o(.bss)
    std::__rw_wcerr_databuf                  0x20001558   Data        1024  ios.o(.bss)
    std::__rw_wcerr_buffer                   0x20001958   Data          88  ios.o(.bss)
    std::__rw_indestructible_wcerr           0x200019b0   Data          72  ios.o(.bss)
    std::__rw_wclog_databuf                  0x200019f8   Data        1024  ios.o(.bss)
    std::__rw_wclog_buffer                   0x20001df8   Data          88  ios.o(.bss)
    std::__rw_indestructible_wclog           0x20001e50   Data          72  ios.o(.bss)
    std::__rw_std_streams                    0x20001e98   Data          32  ios.o(.bss)
    __libspace_start                         0x20001f2c   Data          96  libspace.o(.bss)
    std::basic_string<char, std::char_traits<char>, std::allocator<char>>::__nullref 0x20001f8c   Data          16  messages.o(.bss__ZNSs9__nullrefE)
    __temporary_stack_top$libspace           0x20001f8c   Data           0  libspace.o(.bss)



==============================================================================

Memory Map of the image

  Image Entry point : 0x08000259

  Load Region LR_1 (Base: 0x08000000, Size: 0x00009068, Max: 0xffffffff, ABSOLUTE)

    Execution Region ER_RO (Exec base: 0x08000000, Load base: 0x08000000, Size: 0x00008fdc, Max: 0xffffffff, ABSOLUTE)

    Exec Addr    Load Addr    Size         Type   Attr      Idx    E Section Name        Object

    0x08000000   0x08000000   0x000000ec   Data   RO         1278    RESET               startup_stm32f10x_md.o
    0x080000ec   0x080000ec   0x00000008   Code   RO         1378  * !!!main             c_w.l(__main.o)
    0x080000f4   0x080000f4   0x00000034   Code   RO         3861    !!!scatter          c_w.l(__scatter.o)
    0x08000128   0x08000128   0x0000001a   Code   RO         3863    !!handler_copy      c_w.l(__scatter_copy.o)
    0x08000142   0x08000142   0x00000002   PAD
    0x08000144   0x08000144   0x0000001c   Code   RO         3865    !!handler_zi        c_w.l(__scatter_zi.o)
    0x08000160   0x08000160   0x00000000   Code   RO         3074    .ARM.Collect$$_printf_percent$$00000000  c_w.l(_printf_percent.o)
    0x08000160   0x08000160   0x00000006   Code   RO         3424    .ARM.Collect$$_printf_percent$$00000001  c_w.l(_printf_n.o)
    0x08000166   0x08000166   0x00000006   Code   RO         3425    .ARM.Collect$$_printf_percent$$00000002  c_w.l(_printf_p.o)
    0x0800016c   0x0800016c   0x00000006   Code   RO         3070    .ARM.Collect$$_printf_percent$$00000003  c_w.l(_printf_f.o)
    0x08000172   0x08000172   0x00000006   Code   RO         3071    .ARM.Collect$$_printf_percent$$00000004  c_w.l(_printf_e.o)
    0x08000178   0x08000178   0x00000006   Code   RO         3072    .ARM.Collect$$_printf_percent$$00000005  c_w.l(_printf_g.o)
    0x0800017e   0x0800017e   0x00000006   Code   RO         3073    .ARM.Collect$$_printf_percent$$00000006  c_w.l(_printf_a.o)
    0x08000184   0x08000184   0x0000000a   Code   RO         3427    .ARM.Collect$$_printf_percent$$00000007  c_w.l(_printf_ll.o)
    0x0800018e   0x0800018e   0x00000006   Code   RO         3067    .ARM.Collect$$_printf_percent$$00000008  c_w.l(_printf_i.o)
    0x08000194   0x08000194   0x00000006   Code   RO         3068    .ARM.Collect$$_printf_percent$$00000009  c_w.l(_printf_d.o)
    0x0800019a   0x0800019a   0x00000006   Code   RO         3069    .ARM.Collect$$_printf_percent$$0000000A  c_w.l(_printf_u.o)
    0x080001a0   0x080001a0   0x00000006   Code   RO         3066    .ARM.Collect$$_printf_percent$$0000000B  c_w.l(_printf_o.o)
    0x080001a6   0x080001a6   0x00000006   Code   RO         3065    .ARM.Collect$$_printf_percent$$0000000C  c_w.l(_printf_x.o)
    0x080001ac   0x080001ac   0x00000006   Code   RO         3075    .ARM.Collect$$_printf_percent$$0000000D  c_w.l(_printf_lli.o)
    0x080001b2   0x080001b2   0x00000006   Code   RO         3076    .ARM.Collect$$_printf_percent$$0000000E  c_w.l(_printf_lld.o)
    0x080001b8   0x080001b8   0x00000006   Code   RO         3077    .ARM.Collect$$_printf_percent$$0000000F  c_w.l(_printf_llu.o)
    0x080001be   0x080001be   0x00000006   Code   RO         3079    .ARM.Collect$$_printf_percent$$00000010  c_w.l(_printf_llo.o)
    0x080001c4   0x080001c4   0x00000006   Code   RO         3080    .ARM.Collect$$_printf_percent$$00000011  c_w.l(_printf_llx.o)
    0x080001ca   0x080001ca   0x0000000a   Code   RO         3428    .ARM.Collect$$_printf_percent$$00000012  c_w.l(_printf_l.o)
    0x080001d4   0x080001d4   0x00000006   Code   RO         3064    .ARM.Collect$$_printf_percent$$00000013  c_w.l(_printf_c.o)
    0x080001da   0x080001da   0x00000006   Code   RO         3423    .ARM.Collect$$_printf_percent$$00000014  c_w.l(_printf_s.o)
    0x080001e0   0x080001e0   0x00000006   Code   RO         3078    .ARM.Collect$$_printf_percent$$00000015  c_w.l(_printf_lc.o)
    0x080001e6   0x080001e6   0x00000006   Code   RO         3429    .ARM.Collect$$_printf_percent$$00000016  c_w.l(_printf_ls.o)
    0x080001ec   0x080001ec   0x00000004   Code   RO         3426    .ARM.Collect$$_printf_percent$$00000017  c_w.l(_printf_percent_end.o)
    0x080001f0   0x080001f0   0x00000002   Code   RO         3677    .ARM.Collect$$libinit$$00000000  c_w.l(libinit.o)
    0x080001f2   0x080001f2   0x00000000   Code   RO         3158    .ARM.Collect$$libinit$$00000002  c_w.l(libinit2.o)
    0x080001f2   0x080001f2   0x00000000   Code   RO         3160    .ARM.Collect$$libinit$$00000004  c_w.l(libinit2.o)
    0x080001f2   0x080001f2   0x00000008   Code   RO         3161    .ARM.Collect$$libinit$$00000005  c_w.l(libinit2.o)
    0x080001fa   0x080001fa   0x00000000   Code   RO         3163    .ARM.Collect$$libinit$$0000000A  c_w.l(libinit2.o)
    0x080001fa   0x080001fa   0x00000000   Code   RO         3165    .ARM.Collect$$libinit$$0000000C  c_w.l(libinit2.o)
    0x080001fa   0x080001fa   0x00000000   Code   RO         3167    .ARM.Collect$$libinit$$0000000E  c_w.l(libinit2.o)
    0x080001fa   0x080001fa   0x00000006   Code   RO         3168    .ARM.Collect$$libinit$$0000000F  c_w.l(libinit2.o)
    0x08000200   0x08000200   0x00000000   Code   RO         3170    .ARM.Collect$$libinit$$00000011  c_w.l(libinit2.o)
    0x08000200   0x08000200   0x0000000c   Code   RO         3171    .ARM.Collect$$libinit$$00000012  c_w.l(libinit2.o)
    0x0800020c   0x0800020c   0x00000000   Code   RO         3172    .ARM.Collect$$libinit$$00000013  c_w.l(libinit2.o)
    0x0800020c   0x0800020c   0x0000000a   Code   RO         3173    .ARM.Collect$$libinit$$00000014  c_w.l(libinit2.o)
    0x08000216   0x08000216   0x00000000   Code   RO         3174    .ARM.Collect$$libinit$$00000015  c_w.l(libinit2.o)
    0x08000216   0x08000216   0x0000000a   Code   RO         3175    .ARM.Collect$$libinit$$00000016  c_w.l(libinit2.o)
    0x08000220   0x08000220   0x00000000   Code   RO         3176    .ARM.Collect$$libinit$$00000017  c_w.l(libinit2.o)
    0x08000220   0x08000220   0x00000000   Code   RO         3178    .ARM.Collect$$libinit$$00000019  c_w.l(libinit2.o)
    0x08000220   0x08000220   0x00000000   Code   RO         3180    .ARM.Collect$$libinit$$0000001B  c_w.l(libinit2.o)
    0x08000220   0x08000220   0x00000000   Code   RO         3182    .ARM.Collect$$libinit$$0000001D  c_w.l(libinit2.o)
    0x08000220   0x08000220   0x00000000   Code   RO         3184    .ARM.Collect$$libinit$$0000001F  c_w.l(libinit2.o)
    0x08000220   0x08000220   0x00000000   Code   RO         3186    .ARM.Collect$$libinit$$00000021  c_w.l(libinit2.o)
    0x08000220   0x08000220   0x00000000   Code   RO         3188    .ARM.Collect$$libinit$$00000023  c_w.l(libinit2.o)
    0x08000220   0x08000220   0x00000004   Code   RO         3189    .ARM.Collect$$libinit$$00000024  c_w.l(libinit2.o)
    0x08000224   0x08000224   0x00000000   Code   RO         3190    .ARM.Collect$$libinit$$00000025  c_w.l(libinit2.o)
    0x08000224   0x08000224   0x00000000   Code   RO         3194    .ARM.Collect$$libinit$$0000002C  c_w.l(libinit2.o)
    0x08000224   0x08000224   0x00000000   Code   RO         3196    .ARM.Collect$$libinit$$0000002E  c_w.l(libinit2.o)
    0x08000224   0x08000224   0x00000000   Code   RO         3198    .ARM.Collect$$libinit$$00000030  c_w.l(libinit2.o)
    0x08000224   0x08000224   0x00000004   Code   RO         3199    .ARM.Collect$$libinit$$00000031  c_w.l(libinit2.o)
    0x08000228   0x08000228   0x00000000   Code   RO         3200    .ARM.Collect$$libinit$$00000032  c_w.l(libinit2.o)
    0x08000228   0x08000228   0x00000002   Code   RO         3201    .ARM.Collect$$libinit$$00000033  c_w.l(libinit2.o)
    0x0800022a   0x0800022a   0x00000002   Code   RO         3808    .ARM.Collect$$libshutdown$$00000000  c_w.l(libshutdown.o)
    0x0800022c   0x0800022c   0x00000006   Code   RO         3496    .ARM.Collect$$libshutdown$$00000001  c_w.l(libshutdown2.o)
    0x08000232   0x08000232   0x00000000   Code   RO         3497    .ARM.Collect$$libshutdown$$00000002  c_w.l(libshutdown2.o)
    0x08000232   0x08000232   0x00000004   Code   RO         3498    .ARM.Collect$$libshutdown$$00000003  c_w.l(libshutdown2.o)
    0x08000236   0x08000236   0x00000000   Code   RO         3499    .ARM.Collect$$libshutdown$$00000004  c_w.l(libshutdown2.o)
    0x08000236   0x08000236   0x00000000   Code   RO         3502    .ARM.Collect$$libshutdown$$00000007  c_w.l(libshutdown2.o)
    0x08000236   0x08000236   0x00000000   Code   RO         3505    .ARM.Collect$$libshutdown$$0000000A  c_w.l(libshutdown2.o)
    0x08000236   0x08000236   0x00000000   Code   RO         3507    .ARM.Collect$$libshutdown$$0000000C  c_w.l(libshutdown2.o)
    0x08000236   0x08000236   0x00000000   Code   RO         3510    .ARM.Collect$$libshutdown$$0000000F  c_w.l(libshutdown2.o)
    0x08000236   0x08000236   0x00000002   Code   RO         3511    .ARM.Collect$$libshutdown$$00000010  c_w.l(libshutdown2.o)
    0x08000238   0x08000238   0x00000000   Code   RO         2917    .ARM.Collect$$rtentry$$00000000  c_w.l(__rtentry.o)
    0x08000238   0x08000238   0x00000000   Code   RO         3351    .ARM.Collect$$rtentry$$00000002  c_w.l(__rtentry2.o)
    0x08000238   0x08000238   0x00000006   Code   RO         3363    .ARM.Collect$$rtentry$$00000004  c_w.l(__rtentry4.o)
    0x0800023e   0x0800023e   0x00000000   Code   RO         3353    .ARM.Collect$$rtentry$$00000009  c_w.l(__rtentry2.o)
    0x0800023e   0x0800023e   0x00000004   Code   RO         3354    .ARM.Collect$$rtentry$$0000000A  c_w.l(__rtentry2.o)
    0x08000242   0x08000242   0x00000000   Code   RO         3356    .ARM.Collect$$rtentry$$0000000C  c_w.l(__rtentry2.o)
    0x08000242   0x08000242   0x00000008   Code   RO         3357    .ARM.Collect$$rtentry$$0000000D  c_w.l(__rtentry2.o)
    0x0800024a   0x0800024a   0x00000002   Code   RO         3708    .ARM.Collect$$rtexit$$00000000  c_w.l(rtexit.o)
    0x0800024c   0x0800024c   0x00000000   Code   RO         3762    .ARM.Collect$$rtexit$$00000002  c_w.l(rtexit2.o)
    0x0800024c   0x0800024c   0x00000004   Code   RO         3763    .ARM.Collect$$rtexit$$00000003  c_w.l(rtexit2.o)
    0x08000250   0x08000250   0x00000006   Code   RO         3764    .ARM.Collect$$rtexit$$00000004  c_w.l(rtexit2.o)
    0x08000256   0x08000256   0x00000002   PAD
    0x08000258   0x08000258   0x00000000   Code   RO         3595    .emb_text           c_w.l(maybetermalloc1.o)
    0x08000258   0x08000258   0x00000040   Code   RO         1279  * .text               startup_stm32f10x_md.o
    0x08000298   0x08000298   0x00000064   Code   RO         1354    .text               c_w.l(fflush.o)
    0x080002fc   0x080002fc   0x0000002e   Code   RO         1367    .text               c_w.l(aeabi_atexit.o)
    0x0800032a   0x0800032a   0x0000003e   Code   RO         1370    .text               c_w.l(strlen.o)
    0x08000368   0x08000368   0x0000008a   Code   RO         1372    .text               c_w.l(rt_memcpy_v6.o)
    0x080003f2   0x080003f2   0x00000084   Code   RO         1374    .text               c_w.l(rt_memmove_v6.o)
    0x08000476   0x08000476   0x00000006   Code   RO         1376    .text               c_w.l(heapauxi.o)
    0x0800047c   0x0800047c   0x00000024   Code   RO         1383    .text               c_w.l(init_aeabi.o)
    0x080004a0   0x080004a0   0x00000010   Code   RO         2918    .text               c_w.l(rt_ctype_table.o)
    0x080004b0   0x080004b0   0x00000008   Code   RO         2923    .text               c_w.l(rt_new_handler_addr_intlibspace.o)
    0x080004b8   0x080004b8   0x00000008   Code   RO         2928    .text               c_w.l(rt_ddtor_pointer_addr_intlibspace.o)
    0x080004c0   0x080004c0   0x0000005e   Code   RO         2934    .text               c_w.l(h1_alloc.o)
    0x0800051e   0x0800051e   0x0000004e   Code   RO         2936    .text               c_w.l(h1_free.o)
    0x0800056c   0x0800056c   0x00000014   Code   RO         2992    .text               c_w.l(fprintf.o)
    0x08000580   0x08000580   0x0000002c   Code   RO         2994    .text               c_w.l(sprintf.o)
    0x080005ac   0x080005ac   0x00000034   Code   RO         2996    .text               c_w.l(vsnprintf.o)
    0x080005e0   0x080005e0   0x0000004e   Code   RO         3004    .text               c_w.l(_printf_pad.o)
    0x0800062e   0x0800062e   0x00000024   Code   RO         3006    .text               c_w.l(_printf_truncate.o)
    0x08000652   0x08000652   0x00000052   Code   RO         3008    .text               c_w.l(_printf_str.o)
    0x080006a4   0x080006a4   0x00000078   Code   RO         3010    .text               c_w.l(_printf_dec.o)
    0x0800071c   0x0800071c   0x000000bc   Code   RO         3012    .text               c_w.l(_printf_wctomb.o)
    0x080007d8   0x080007d8   0x0000007c   Code   RO         3015    .text               c_w.l(_printf_longlong_dec.o)
    0x08000854   0x08000854   0x00000070   Code   RO         3021    .text               c_w.l(_printf_oct_int_ll.o)
    0x080008c4   0x080008c4   0x00000094   Code   RO         3041    .text               c_w.l(_printf_hex_int_ll_ptr.o)
    0x08000958   0x08000958   0x00000188   Code   RO         3061    .text               c_w.l(__printf_flags_ss_wp.o)
    0x08000ae0   0x08000ae0   0x0000003c   Code   RO         3081    .text               c_w.l(sscanf.o)
    0x08000b1c   0x08000b1c   0x00000008   Code   RO         3087    .text               c_w.l(ferror.o)
    0x08000b24   0x08000b24   0x000000f8   Code   RO         3089    .text               c_w.l(fseek.o)
    0x08000c1c   0x08000c1c   0x00000042   Code   RO         3091    .text               c_w.l(ftell.o)
    0x08000c5e   0x08000c5e   0x00000002   PAD
    0x08000c60   0x08000c60   0x000000f0   Code   RO         3095    .text               c_w.l(stdio.o)
    0x08000d50   0x08000d50   0x00000138   Code   RO         3100    .text               c_w.l(initio.o)
    0x08000e88   0x08000e88   0x0000004c   Code   RO         3102    .text               c_w.l(fclose.o)
    0x08000ed4   0x08000ed4   0x00000010   Code   RO         3116    .text               c_w.l(locale.o)
    0x08000ee4   0x08000ee4   0x00000010   Code   RO         3119    .text               c_w.l(localeconv.o)
    0x08000ef4   0x08000ef4   0x0000000e   Code   RO         3122    .text               c_w.l(mbsinit.o)
    0x08000f02   0x08000f02   0x00000016   Code   RO         3130    .text               c_w.l(abort.o)
    0x08000f18   0x08000f18   0x00000042   Code   RO         3132    .text               c_w.l(cxa_finalize.o)
    0x08000f5a   0x08000f5a   0x00000048   Code   RO         3139    .text               c_w.l(strcpy.o)
    0x08000fa2   0x08000fa2   0x00000016   Code   RO         3141    .text               c_w.l(strrchr.o)
    0x08000fb8   0x08000fb8   0x00000006   Code   RO         3143    .text               c_w.l(wmemmove.o)
    0x08000fbe   0x08000fbe   0x00000018   Code   RO         3145    .text               c_w.l(strcat.o)
    0x08000fd6   0x08000fd6   0x00000008   Code   RO         3147    .text               c_w.l(memcpy.o)
    0x08000fde   0x08000fde   0x00000064   Code   RO         3149    .text               c_w.l(rt_memcpy_w.o)
    0x08001042   0x08001042   0x0000007a   Code   RO         3151    .text               c_w.l(rt_memmove_w.o)
    0x080010bc   0x080010bc   0x0000004e   Code   RO         3153    .text               c_w.l(rt_memclr_w.o)
    0x0800110a   0x0800110a   0x00000002   PAD
    0x0800110c   0x0800110c   0x00000080   Code   RO         3155    .text               c_w.l(strcmpv7m.o)
    0x0800118c   0x0800118c   0x00000004   Code   RO         3260    .text               cpprt_w.l(arm_newhandler_noexceptions.o)
    0x08001190   0x08001190   0x00000002   Code   RO         3263    .text               cpprt_w.l(arm_rethrow_noexceptions.o)
    0x08001192   0x08001192   0x0000000e   Code   RO         3305    .text               cpprt_w.l(aeabi_vec_delete_noexceptions.o)
    0x080011a0   0x080011a0   0x00000066   Code   RO         3338    .text               c_w.l(sys_io.o)
    0x08001206   0x08001206   0x00000002   PAD
    0x08001208   0x08001208   0x0000000c   Code   RO         3343    .text               c_w.l(sys_exit.o)
    0x08001214   0x08001214   0x00000008   Code   RO         3345    .text               c_w.l(libspace.o)
    0x0800121c   0x0800121c   0x00000008   Code   RO         3368    .text               c_w.l(rt_heap_descriptor_intlibspace.o)
    0x08001224   0x08001224   0x00000008   Code   RO         3373    .text               c_w.l(rt_locale_intlibspace.o)
    0x0800122c   0x0800122c   0x00000008   Code   RO         3378    .text               c_w.l(rt_errno_addr_intlibspace.o)
    0x08001234   0x08001234   0x00000004   Code   RO         3380    .text               c_w.l(hguard.o)
    0x08001238   0x08001238   0x0000008a   Code   RO         3382    .text               c_w.l(init_alloc.o)
    0x080012c2   0x080012c2   0x0000000e   Code   RO         3386    .text               c_w.l(h1_init.o)
    0x080012d0   0x080012d0   0x0000008a   Code   RO         3400    .text               c_w.l(lludiv10.o)
    0x0800135a   0x0800135a   0x000000b2   Code   RO         3402    .text               c_w.l(_printf_intcommon.o)
    0x0800140c   0x0800140c   0x00000028   Code   RO         3404    .text               c_w.l(_printf_charcount.o)
    0x08001434   0x08001434   0x0000041e   Code   RO         3406    .text               c_w.l(_printf_fp_dec.o)
    0x08001852   0x08001852   0x00000002   PAD
    0x08001854   0x08001854   0x000002fc   Code   RO         3408    .text               c_w.l(_printf_fp_hex.o)
    0x08001b50   0x08001b50   0x00000030   Code   RO         3411    .text               c_w.l(_printf_char_common.o)
    0x08001b80   0x08001b80   0x0000000a   Code   RO         3413    .text               c_w.l(_sputc.o)
    0x08001b8a   0x08001b8a   0x00000010   Code   RO         3415    .text               c_w.l(_snputc.o)
    0x08001b9a   0x08001b9a   0x0000002c   Code   RO         3417    .text               c_w.l(_printf_char.o)
    0x08001bc6   0x08001bc6   0x00000002   PAD
    0x08001bc8   0x08001bc8   0x00000024   Code   RO         3419    .text               c_w.l(_printf_char_file.o)
    0x08001bec   0x08001bec   0x0000002c   Code   RO         3421    .text               c_w.l(_printf_wchar.o)
    0x08001c18   0x08001c18   0x00000156   Code   RO         3430    .text               c_w.l(_scanf_longlong.o)
    0x08001d6e   0x08001d6e   0x0000014c   Code   RO         3432    .text               c_w.l(_scanf_int.o)
    0x08001eba   0x08001eba   0x000000e0   Code   RO         3434    .text               c_w.l(_scanf_str.o)
    0x08001f9a   0x08001f9a   0x00000002   PAD
    0x08001f9c   0x08001f9c   0x0000002c   Code   RO         3436    .text               c_w.l(scanf_char.o)
    0x08001fc8   0x08001fc8   0x00000040   Code   RO         3438    .text               c_w.l(_sgetc.o)
    0x08002008   0x08002008   0x00000114   Code   RO         3442    .text               c_w.l(_scanf_mbtowc.o)
    0x0800211c   0x0800211c   0x000000e8   Code   RO         3444    .text               c_w.l(_scanf_wctomb.o)
    0x08002204   0x08002204   0x000000d0   Code   RO         3446    .text               c_w.l(_scanf_wstr.o)
    0x080022d4   0x080022d4   0x00000046   Code   RO         3456    .text               c_w.l(setvbuf.o)
    0x0800231a   0x0800231a   0x00000002   PAD
    0x0800231c   0x0800231c   0x000000ec   Code   RO         3458    .text               c_w.l(fopen.o)
    0x08002408   0x08002408   0x00000072   Code   RO         3468    .text               c_w.l(_lconv.o)
    0x0800247a   0x0800247a   0x00000002   PAD
    0x0800247c   0x0800247c   0x000001b8   Code   RO         3470    .text               c_w.l(locale_r.o)
    0x08002634   0x08002634   0x0000003c   Code   RO         3472    .text               c_w.l(_mbrtowc.o)
    0x08002670   0x08002670   0x00000040   Code   RO         3474    .text               c_w.l(_wcrtomb.o)
    0x080026b0   0x080026b0   0x0000000e   Code   RO         3482    .text               c_w.l(defsig_abrt_outer.o)
    0x080026be   0x080026be   0x0000000e   Code   RO         3486    .text               c_w.l(defsig_rtred_outer.o)
    0x080026cc   0x080026cc   0x00000008   Code   RO         3490    .text               c_w.l(memmove.o)
    0x080026d4   0x080026d4   0x0000001a   Code   RO         3554    .text               cpprt_w.l(arm_exceptions_terminate.o)
    0x080026ee   0x080026ee   0x00000002   PAD
    0x080026f0   0x080026f0   0x00000050   Code   RO         3564    .text               cpprt_w.l(arm_exceptions_globs.o)
    0x08002740   0x08002740   0x00000002   Code   RO         3581    .text               c_w.l(use_no_semi.o)
    0x08002742   0x08002742   0x00000000   Code   RO         3583    .text               c_w.l(indicate_semi.o)
    0x08002742   0x08002742   0x0000004a   Code   RO         3584    .text               c_w.l(sys_stackheap_outer.o)
    0x0800278c   0x0800278c   0x00000008   Code   RO         3591    .text               c_w.l(rt_eh_globals_addr_intlibspace.o)
    0x08002794   0x08002794   0x00000034   Code   RO         3597    .text               c_w.l(h1_extend.o)
    0x080027c8   0x080027c8   0x00000012   Code   RO         3601    .text               c_w.l(isspace.o)
    0x080027da   0x080027da   0x00000002   PAD
    0x080027dc   0x080027dc   0x00000080   Code   RO         3603    .text               c_w.l(_printf_fp_infnan.o)
    0x0800285c   0x0800285c   0x0000001c   Code   RO         3607    .text               c_w.l(_chval.o)
    0x08002878   0x08002878   0x00000374   Code   RO         3609    .text               c_w.l(_scanf.o)
    0x08002bec   0x08002bec   0x000004f8   Code   RO         3611    .text               c_w.l(scanf_fp.o)
    0x080030e4   0x080030e4   0x0000001e   Code   RO         3615    .text               c_w.l(_scanf_wcharmap.o)
    0x08003102   0x08003102   0x00000002   PAD
    0x08003104   0x08003104   0x000000e4   Code   RO         3617    .text               c_w.l(bigflt0.o)
    0x080031e8   0x080031e8   0x000001d6   Code   RO         3644    .text               c_w.l(flsbuf.o)
    0x080033be   0x080033be   0x00000012   Code   RO         3653    .text               c_w.l(exit.o)
    0x080033d0   0x080033d0   0x0000000a   Code   RO         3655    .text               c_w.l(defsig_exit.o)
    0x080033da   0x080033da   0x00000002   PAD
    0x080033dc   0x080033dc   0x00000030   Code   RO         3657    .text               c_w.l(defsig_abrt_inner.o)
    0x0800340c   0x0800340c   0x00000034   Code   RO         3659    .text               c_w.l(defsig_rtred_inner.o)
    0x08003440   0x08003440   0x0000000e   Code   RO         3661    .text               c_w.l(defsig_rtmem_outer.o)
    0x0800344e   0x0800344e   0x00000022   Code   RO         3688    .text               cpprt_w.l(aeabi_vec_dtor_noexceptions.o)
    0x08003470   0x08003470   0x0000003c   Code   RO         3694    .text               cpprt_w.l(arm_exceptions_mem.o)
    0x080034ac   0x080034ac   0x000000bc   Code   RO         3718    .text               c_w.l(fwritefast.o)
    0x08003568   0x08003568   0x00000032   Code   RO         3734    .text               c_w.l(defsig_general.o)
    0x0800359a   0x0800359a   0x00000002   PAD
    0x0800359c   0x0800359c   0x00000050   Code   RO         3736    .text               c_w.l(defsig_rtmem_inner.o)
    0x080035ec   0x080035ec   0x0000001c   Code   RO         3740    .text               cpprt_w.l(ARM_vec_cleanup_noexceptions.o)
    0x08003608   0x08003608   0x0000000e   Code   RO         3759    .text               c_w.l(sys_wrch.o)
    0x08003616   0x08003616   0x00000016   Code   RO         3772    .text               c_w.l(_rserrno.o)
    0x0800362c   0x0800362c   0x00000320   Code   RO         3774    .text               c_w.l(scanf_hexfp.o)
    0x0800394c   0x0800394c   0x00000134   Code   RO         3776    .text               c_w.l(scanf_infnan.o)
    0x08003a80   0x08003a80   0x00000026   Code   RO         3792    .text               c_w.l(llshl.o)
    0x08003aa6   0x08003aa6   0x0000003e   Code   RO         3620    CL$$btod_d2e        c_w.l(btod.o)
    0x08003ae4   0x08003ae4   0x00000046   Code   RO         3622    CL$$btod_d2e_denorm_low  c_w.l(btod.o)
    0x08003b2a   0x08003b2a   0x00000060   Code   RO         3621    CL$$btod_d2e_norm_op1  c_w.l(btod.o)
    0x08003b8a   0x08003b8a   0x00000338   Code   RO         3630    CL$$btod_div_common  c_w.l(btod.o)
    0x08003ec2   0x08003ec2   0x00000002   PAD
    0x08003ec4   0x08003ec4   0x00000084   Code   RO         3628    CL$$btod_e2d        c_w.l(btod.o)
    0x08003f48   0x08003f48   0x000000dc   Code   RO         3627    CL$$btod_e2e        c_w.l(btod.o)
    0x08004024   0x08004024   0x0000002a   Code   RO         3624    CL$$btod_ediv       c_w.l(btod.o)
    0x0800404e   0x0800404e   0x0000002a   Code   RO         3626    CL$$btod_edivd      c_w.l(btod.o)
    0x08004078   0x08004078   0x0000002a   Code   RO         3623    CL$$btod_emul       c_w.l(btod.o)
    0x080040a2   0x080040a2   0x0000002a   Code   RO         3625    CL$$btod_emuld      c_w.l(btod.o)
    0x080040cc   0x080040cc   0x00000244   Code   RO         3629    CL$$btod_mult_common  c_w.l(btod.o)
    0x08004310   0x08004310   0x00000014   Code   RO         2482    i.<Func5>           cpp_ws.l(locale.o)
    0x08004324   0x08004324   0x00000008   Code   RO         1286    i.SetSysClock       system_stm32f10x.o
    0x0800432c   0x0800432c   0x000000e0   Code   RO         1287    i.SetSysClockTo72   system_stm32f10x.o
    0x0800440c   0x0800440c   0x00000060   Code   RO         1289    i.SystemInit        system_stm32f10x.o
    0x0800446c   0x0800446c   0x0000009c   Code   RO            5    i._Z12clock_enableP12GPIO_TypeDefb  stm32.o
    0x08004508   0x08004508   0x0000009c   Code   RO            6    i._Z12digitalWriteP12GPIO_TypeDefib  stm32.o
    0x080045a4   0x080045a4   0x00000098   Code   RO            7    i._Z16configPinAsInputP12GPIO_TypeDefi  stm32.o
    0x0800463c   0x0800463c   0x0000008e   Code   RO            8    i._Z17configPinAsOutputP12GPIO_TypeDefi  stm32.o
    0x080046ca   0x080046ca   0x00000002   PAD
    0x080046cc   0x080046cc   0x00000020   Code   RO         3512    i._Z7catgetsPN4__rw8__rw_catEiiPKc  cpp_ws.l(rwcats.o)
    0x080046ec   0x080046ec   0x00000022   Code   RO         3513    i._Z7catopenPKci    cpp_ws.l(rwcats.o)
    0x0800470e   0x0800470e   0x00000022   Code   RO            9    i._Z7pinModeP12GPIO_TypeDefiii  stm32.o
    0x08004730   0x08004730   0x00000058   Code   RO         2645    i._ZN37_INTERNAL_15_rwstdexcept_cpp_8697b68a4__rw13__rw_vfmatstrEPcjPKcSt9__va_list  cpp_ws.l(rwstdexcept.o)
    0x08004788   0x08004788   0x0000014c   Code   RO         2646    i._ZN37_INTERNAL_15_rwstdexcept_cpp_8697b68a4__rw13__rw_vfmatstrEPcjiSt9__va_list  cpp_ws.l(rwstdexcept.o)
    0x080048d4   0x080048d4   0x0000005c   Code   RO         2648    i._ZN4__rw10__rw_throwEiz  cpp_ws.l(rwstdexcept.o)
    0x08004930   0x08004930   0x0000002c   Code   RO         1963    i._ZN4__rw11__rw_file_t11_C_get_modeEPSt6__FILE  cpp_ws.l(ios.o)
    0x0800495c   0x0800495c   0x0000001c   Code   RO         2164    i._ZN4__rw11__rw_file_t7_C_seekEli  cpp_ws.l(ios.o)
    0x08004978   0x08004978   0x00000020   Code   RO         2073    i._ZN4__rw11__rw_file_t8_C_writeEPKvjj  cpp_ws.l(ios.o)
    0x08004998   0x08004998   0x00000020   Code   RO         2637    i._ZN4__rw13__rw_allocateEji  cpp_ws.l(rwalloc.o)
    0x080049b8   0x080049b8   0x00000004   Code   RO         2638    i._ZN4__rw15__rw_deallocateEPvji  cpp_ws.l(rwalloc.o)
    0x080049bc   0x080049bc   0x00000002   Code   RO          531    i._ZN4__rw15__rw_facet_base12_C_initfacetERKSt6locale  stm32.o
    0x080049be   0x080049be   0x00000002   PAD
    0x080049c0   0x080049c0   0x000000ec   Code   RO         2585    i._ZN4__rw15__rw_locale_impC1EPKcjj  cpp_ws.l(locale.o)
    0x08004aac   0x08004aac   0x0000001a   Code   RO         1916    i._ZN4__rw15__rw_locale_impD1Ev  cpp_ws.l(ios.o)
    0x08004ac6   0x08004ac6   0x0000000c   Code   RO         1586    i._ZN4__rw15__rw_punct_dataIcED1Ev  cpp_ws.l(char.o)
    0x08004ad2   0x08004ad2   0x0000000e   Code   RO          513    i._ZN4__rw17__rw_digit_writerIcSt19ostreambuf_iteratorIcSt11char_traitsIcEEED1Ev  stm32.o
    0x08004ae0   0x08004ae0   0x00000008   Code   RO         1577    i._ZN4__rw18__rw_numpunct_implIcED1Ev  cpp_ws.l(char.o)
    0x08004ae8   0x08004ae8   0x0000003a   Code   RO         2483    i._ZN4__rw21__rw_use_c_lib_localeC1EPKci  cpp_ws.l(locale.o)
    0x08004b22   0x08004b22   0x00000018   Code   RO         1553    i._ZN4__rw21__rw_use_c_lib_localeD1Ev  cpp_ws.l(char.o)
    0x08004b3a   0x08004b3a   0x00000002   PAD
    0x08004b3c   0x08004b3c   0x0000007c   Code   RO         2740    i._ZN4__rw22__rw_digit_writer_base11_C_digitizeEPKv  cpp_ws.l(vendor.o)
    0x08004bb8   0x08004bb8   0x0000004a   Code   RO         2747    i._ZN4__rw22__rw_digit_writer_base14_C_calc_groupsEiPKc  cpp_ws.l(vendor.o)
    0x08004c02   0x08004c02   0x00000002   PAD
    0x08004c04   0x08004c04   0x000000a4   Code   RO          238    i._ZN4__rw22__rw_digit_writer_baseC1ERSt8ios_base  stm32.o
    0x08004ca8   0x08004ca8   0x00000020   Code   RO          213    i._ZN4__rw22__rw_digit_writer_baseD1Ev  stm32.o
    0x08004cc8   0x08004cc8   0x00000094   Code   RO         2484    i._ZN4__rw23__rw_numpunct_impl_base18_C_get_named_init_EPKc  cpp_ws.l(locale.o)
    0x08004d5c   0x08004d5c   0x00000016   Code   RO         1583    i._ZN4__rw23__rw_numpunct_impl_dataIcED1Ev  cpp_ws.l(char.o)
    0x08004d72   0x08004d72   0x0000000e   Code   RO          543    i._ZN4__rw24__rw_digit_writer_base_1IcED1Ev  stm32.o
    0x08004d80   0x08004d80   0x00000098   Code   RO         3536    i._ZN4__rw25__rw_throw_exception_noexEiPc  cpp_ws.l(rwthrowproc_impl_noex.o)
    0x08004e18   0x08004e18   0x00000030   Code   RO         3516    i._ZN4__rw9__catfindEPNS_8__rw_catE  cpp_ws.l(rwcats.o)
    0x08004e48   0x08004e48   0x0000000a   Code   RO         2152    i._ZNK4__rw11__rw_file_t10_C_is_openEv  cpp_ws.l(ios.o)
    0x08004e52   0x08004e52   0x00000002   PAD
    0x08004e54   0x08004e54   0x00000020   Code   RO          338    i._ZNKSo10_C_is_coutEv  stm32.o
    0x08004e74   0x08004e74   0x00000044   Code   RO           93    i._ZNKSo9_C_is_stdEv  stm32.o
    0x08004eb8   0x08004eb8   0x00000004   Code   RO         2727    i._ZNKSt14__rw_exception4whatEv  cpp_ws.l(rwstdexcept.o)
    0x08004ebc   0x08004ebc   0x00000072   Code   RO         3202    i._ZNKSt18__rw_messages_base11_C_cat_openERKSsRKSt6locale  cpp_ws.l(messages.o)
    0x08004f2e   0x08004f2e   0x00000020   Code   RO         3205    i._ZNKSt18__rw_messages_base13_C_get_localeEi  cpp_ws.l(messages.o)
    0x08004f4e   0x08004f4e   0x00000034   Code   RO         3206    i._ZNKSt18__rw_messages_base14_C_get_messageEiii  cpp_ws.l(messages.o)
    0x08004f82   0x08004f82   0x0000000e   Code   RO         1523    i._ZNKSt5ctypeIcE2isENSt10ctype_base4maskEc  cpp_ws.l(char.o)
    0x08004f90   0x08004f90   0x00000010   Code   RO         1544    i._ZNKSt5ctypeIcE8do_widenEPKcS2_Pc  cpp_ws.l(char.o)
    0x08004fa0   0x08004fa0   0x00000004   Code   RO         1541    i._ZNKSt5ctypeIcE8do_widenEc  cpp_ws.l(char.o)
    0x08004fa4   0x08004fa4   0x00000004   Code   RO         2270    i._ZNKSt5ctypeIwE8do_widenEc  cpp_ws.l(ios.o)
    0x08004fa8   0x08004fa8   0x00000028   Code   RO         1710    i._ZNKSt6locale12_C_use_facetERKNS_2idEbiPFPN4__rw15__rw_facet_baseEiPKcjE  cpp_ws.l(ios.o)
    0x08004fd0   0x08004fd0   0x00000108   Code   RO         2488    i._ZNKSt6locale13_C_make_facetERKNS_2idEbiPFPN4__rw15__rw_facet_baseEiPKcjE  cpp_ws.l(locale.o)
    0x080050d8   0x080050d8   0x00000074   Code   RO         2490    i._ZNKSt6locale16_C_install_facetEPN4__rw15__rw_facet_baseERKNS_2idE  cpp_ws.l(locale.o)
    0x0800514c   0x0800514c   0x00000030   Code   RO         2491    i._ZNKSt6locale4nameEv  cpp_ws.l(locale.o)
    0x0800517c   0x0800517c   0x00000008   Code   RO         2321    i._ZNKSt7codecvtIccSt11__mbstate_tE10do_unshiftERS0_PcS3_RS3_  cpp_ws.l(ios.o)
    0x08005184   0x08005184   0x00000004   Code   RO         2324    i._ZNKSt7codecvtIccSt11__mbstate_tE11do_encodingEv  cpp_ws.l(ios.o)
    0x08005188   0x08005188   0x0000000a   Code   RO         2007    i._ZNKSt7codecvtIccSt11__mbstate_tE13always_noconvEv  cpp_ws.l(ios.o)
    0x08005192   0x08005192   0x00000004   Code   RO         2327    i._ZNKSt7codecvtIccSt11__mbstate_tE16do_always_noconvEv  cpp_ws.l(ios.o)
    0x08005196   0x08005196   0x0000001c   Code   RO         1998    i._ZNKSt7codecvtIccSt11__mbstate_tE3outERS0_PKcS4_RS4_PcS6_RS6_  cpp_ws.l(ios.o)
    0x080051b2   0x080051b2   0x0000000e   Code   RO         2315    i._ZNKSt7codecvtIccSt11__mbstate_tE6do_outERS0_PKcS4_RS4_PcS6_RS6_  cpp_ws.l(ios.o)
    0x080051c0   0x080051c0   0x0000000a   Code   RO         2002    i._ZNKSt7codecvtIccSt11__mbstate_tE8encodingEv  cpp_ws.l(ios.o)
    0x080051ca   0x080051ca   0x00000004   Code   RO         2354    i._ZNKSt7codecvtIwcSt11__mbstate_tE11do_encodingEv  cpp_ws.l(ios.o)
    0x080051ce   0x080051ce   0x0000000a   Code   RO         2029    i._ZNKSt7codecvtIwcSt11__mbstate_tE13always_noconvEv  cpp_ws.l(ios.o)
    0x080051d8   0x080051d8   0x00000004   Code   RO         2351    i._ZNKSt7codecvtIwcSt11__mbstate_tE16do_always_noconvEv  cpp_ws.l(ios.o)
    0x080051dc   0x080051dc   0x0000001c   Code   RO         2020    i._ZNKSt7codecvtIwcSt11__mbstate_tE3outERS0_PKwS4_RS4_PcS6_RS6_  cpp_ws.l(ios.o)
    0x080051f8   0x080051f8   0x00000030   Code   RO         2342    i._ZNKSt7codecvtIwcSt11__mbstate_tE6do_outERS0_PKwS4_RS4_PcS6_RS6_  cpp_ws.l(ios.o)
    0x08005228   0x08005228   0x0000000a   Code   RO         2024    i._ZNKSt7codecvtIwcSt11__mbstate_tE8encodingEv  cpp_ws.l(ios.o)
    0x08005232   0x08005232   0x00000006   Code   RO          344    i._ZNKSt8ios_base5flagsEv  stm32.o
    0x08005238   0x08005238   0x00000010   Code   RO         2133    i._ZNSt11char_traitsIcE11eq_int_typeERKiS2_  cpp_ws.l(ios.o)
    0x08005248   0x08005248   0x0000000c   Code   RO         1501    i._ZNSt11char_traitsIcE4copyEPcPKcj  cpp_ws.l(char.o)
    0x08005254   0x08005254   0x0000000c   Code   RO         1894    i._ZNSt11char_traitsIcE4moveEPcPKcj  cpp_ws.l(ios.o)
    0x08005260   0x08005260   0x0000001c   Code   RO         1897    i._ZNSt11char_traitsIcE7not_eofERKi  cpp_ws.l(ios.o)
    0x0800527c   0x0800527c   0x00000010   Code   RO         2136    i._ZNSt11char_traitsIwE11eq_int_typeERKiS2_  cpp_ws.l(ios.o)
    0x0800528c   0x0800528c   0x0000000c   Code   RO         1903    i._ZNSt11char_traitsIwE4moveEPwPKwj  cpp_ws.l(ios.o)
    0x08005298   0x08005298   0x0000001c   Code   RO         1906    i._ZNSt11char_traitsIwE7not_eofERKi  cpp_ws.l(ios.o)
    0x080052b4   0x080052b4   0x000000cc   Code   RO         1390    i._ZNSt12ctype_bynameIcE17_C_get_mask_tableEPKc  cpp_ws.l(char.o)
    0x08005380   0x08005380   0x00000120   Code   RO         1392    i._ZNSt12ctype_bynameIcEC1EPKcj  cpp_ws.l(char.o)
    0x080054a0   0x080054a0   0x0000000e   Code   RO         1611    i._ZNSt12ctype_bynameIcED0Ev  cpp_ws.l(char.o)
    0x080054ae   0x080054ae   0x00000008   Code   RO         1608    i._ZNSt12ctype_bynameIcED1Ev  cpp_ws.l(char.o)
    0x080054b6   0x080054b6   0x00000002   PAD
    0x080054b8   0x080054b8   0x00000084   Code   RO         2651    i._ZNSt14__rw_exception10_C_vformatEiSt9__va_list  cpp_ws.l(rwstdexcept.o)
    0x0800553c   0x0800553c   0x00000014   Code   RO         2698    i._ZNSt14__rw_exceptionC1Ev  cpp_ws.l(rwstdexcept.o)
    0x08005550   0x08005550   0x0000001c   Code   RO         2721    i._ZNSt14__rw_exceptionD1Ev  cpp_ws.l(rwstdexcept.o)
    0x0800556c   0x0800556c   0x00000012   Code   RO          618    i._ZNSt15numpunct_bynameIcED0Ev  stm32.o
    0x0800557e   0x0800557e   0x0000000e   Code   RO          615    i._ZNSt15numpunct_bynameIcED1Ev  stm32.o
    0x0800558c   0x0800558c   0x00000008   Code   RO         2695    i._ZNSt18__rw_messages_baseD1Ev  cpp_ws.l(rwstdexcept.o)
    0x08005594   0x08005594   0x0000001a   Code   RO         3242    i._ZNSt18__rw_open_cat_dataC1Ev  cpp_ws.l(messages.o)
    0x080055ae   0x080055ae   0x0000000c   Code   RO         3239    i._ZNSt18__rw_open_cat_dataD1Ev  cpp_ws.l(messages.o)
    0x080055ba   0x080055ba   0x00000012   Code   RO         3245    i._ZNSt18__rw_open_cat_dataaSERKS_  cpp_ws.l(messages.o)
    0x080055cc   0x080055cc   0x000000fa   Code   RO         1394    i._ZNSt5ctypeIcE12_C_initfacetERKSt6locale  cpp_ws.l(char.o)
    0x080056c6   0x080056c6   0x00000002   PAD
    0x080056c8   0x080056c8   0x00000118   Code   RO         1396    i._ZNSt5ctypeIcEC1EPKNSt10ctype_base4maskEbj  cpp_ws.l(char.o)
    0x080057e0   0x080057e0   0x0000000e   Code   RO         1526    i._ZNSt5ctypeIcED0Ev  cpp_ws.l(char.o)
    0x080057ee   0x080057ee   0x00000002   PAD
    0x080057f0   0x080057f0   0x0000002c   Code   RO         1458    i._ZNSt5ctypeIcED1Ev  cpp_ws.l(char.o)
    0x0800581c   0x0800581c   0x00000018   Code   RO         1937    i._ZNSt5ctypeIwEC1Ej  cpp_ws.l(ios.o)
    0x08005834   0x08005834   0x0000000e   Code   RO         2282    i._ZNSt5ctypeIwED0Ev  cpp_ws.l(ios.o)
    0x08005842   0x08005842   0x00000008   Code   RO         2279    i._ZNSt5ctypeIwED1Ev  cpp_ws.l(ios.o)
    0x0800584a   0x0800584a   0x00000006   Code   RO          461    i._ZNSt6locale2idC1Ev  stm32.o
    0x08005850   0x08005850   0x00000014   Code   RO         2146    i._ZNSt6locale5facetC1Eji  cpp_ws.l(ios.o)
    0x08005864   0x08005864   0x0000000e   Code   RO         2237    i._ZNSt6locale5facetD0Ev  cpp_ws.l(ios.o)
    0x08005872   0x08005872   0x00000002   PAD
    0x08005874   0x08005874   0x00000084   Code   RO         2494    i._ZNSt6locale7_C_initEv  cpp_ws.l(locale.o)
    0x080058f8   0x080058f8   0x00000044   Code   RO         2496    i._ZNSt6locale7classicEv  cpp_ws.l(locale.o)
    0x0800593c   0x0800593c   0x00000020   Code   RO         2613    i._ZNSt6localeC1EPN4__rw15__rw_locale_impE  cpp_ws.l(locale.o)
    0x0800595c   0x0800595c   0x0000000c   Code   RO         1913    i._ZNSt6localeC1ERKS_  cpp_ws.l(ios.o)
    0x08005968   0x08005968   0x00000020   Code   RO         1909    i._ZNSt6localeC1Ev  cpp_ws.l(ios.o)
    0x08005988   0x08005988   0x00000020   Code   RO         1707    i._ZNSt6localeD1Ev  cpp_ws.l(ios.o)
    0x080059a8   0x080059a8   0x00000032   Code   RO         2504    i._ZNSt6localeaSERKS_  cpp_ws.l(locale.o)
    0x080059da   0x080059da   0x00000002   PAD
    0x080059dc   0x080059dc   0x00000014   Code   RO         1995    i._ZNSt7codecvtIccSt11__mbstate_tEC1Ej  cpp_ws.l(ios.o)
    0x080059f0   0x080059f0   0x0000000e   Code   RO         2339    i._ZNSt7codecvtIccSt11__mbstate_tED0Ev  cpp_ws.l(ios.o)
    0x080059fe   0x080059fe   0x00000008   Code   RO         2336    i._ZNSt7codecvtIccSt11__mbstate_tED1Ev  cpp_ws.l(ios.o)
    0x08005a06   0x08005a06   0x00000002   PAD
    0x08005a08   0x08005a08   0x00000014   Code   RO         2017    i._ZNSt7codecvtIwcSt11__mbstate_tEC1Ej  cpp_ws.l(ios.o)
    0x08005a1c   0x08005a1c   0x0000000e   Code   RO         2366    i._ZNSt7codecvtIwcSt11__mbstate_tED0Ev  cpp_ws.l(ios.o)
    0x08005a2a   0x08005a2a   0x00000008   Code   RO         2363    i._ZNSt7codecvtIwcSt11__mbstate_tED1Ev  cpp_ws.l(ios.o)
    0x08005a32   0x08005a32   0x00000012   Code   RO          528    i._ZNSt7num_putIcSt19ostreambuf_iteratorIcSt11char_traitsIcEEED0Ev  stm32.o
    0x08005a44   0x08005a44   0x0000000e   Code   RO          322    i._ZNSt7num_putIcSt19ostreambuf_iteratorIcSt11char_traitsIcEEED1Ev  stm32.o
    0x08005a52   0x08005a52   0x00000002   PAD
    0x08005a54   0x08005a54   0x000000f8   Code   RO         1621    i._ZNSt8ios_base15_C_unsafe_clearEii  cpp_ws.l(ios.o)
    0x08005b4c   0x08005b4c   0x00000318   Code   RO         1623    i._ZNSt8ios_base4InitC1Ev  cpp_ws.l(ios.o)
    0x08005e64   0x08005e64   0x000000a8   Code   RO         1625    i._ZNSt8ios_base4InitD1Ev  cpp_ws.l(ios.o)
    0x08005f0c   0x08005f0c   0x00000024   Code   RO         1725    i._ZNSt8ios_baseC1Ev  cpp_ws.l(ios.o)
    0x08005f30   0x08005f30   0x0000000e   Code   RO         2707    i._ZNSt8messagesIcED0Ev  cpp_ws.l(rwstdexcept.o)
    0x08005f3e   0x08005f3e   0x00000010   Code   RO         2692    i._ZNSt8messagesIcED1Ev  cpp_ws.l(rwstdexcept.o)
    0x08005f4e   0x08005f4e   0x0000000e   Code   RO         1580    i._ZNSt8numpunctIcED0Ev  cpp_ws.l(char.o)
    0x08005f5c   0x08005f5c   0x00000010   Code   RO         1495    i._ZNSt8numpunctIcED1Ev  cpp_ws.l(char.o)
    0x08005f6c   0x08005f6c   0x0000000c   Code   RO         3282    i._ZNSt9exceptionC1Ev  cpprt_w.l(exception_ctor.o)
    0x08005f78   0x08005f78   0x0000003c   Code   RO         3223    i._ZSt13__rw_get_catsv  cpp_ws.l(messages.o)
    0x08005fb4   0x08005fb4   0x00000008   Code   RO         2792    i._ZdaPv            cpprt_w.l(array_del.o)
    0x08005fbc   0x08005fbc   0x00000008   Code   RO         2799    i._ZdlPv            cpprt_w.l(delete.o)
    0x08005fc4   0x08005fc4   0x00000008   Code   RO         2795    i._Znaj             cpprt_w.l(array_new.o)
    0x08005fcc   0x08005fcc   0x00000028   Code   RO         2802    i._Znwj             cpprt_w.l(new.o)
    0x08005ff4   0x08005ff4   0x00000092   Code   RO         3682    i.__ARM_array_new_general  cpprt_w.l(array_new_general.o)
    0x08006086   0x08006086   0x00000028   Code   RO         3706    i.__ARM_fpclassify  m_ws.l(fpclassify.o)
    0x080060ae   0x080060ae   0x00000010   Code   RO         3548    i.__aeabi_vec_dtor_cookie  cpprt_w.l(aeabi_vec_dtor_cookie.o)
    0x080060be   0x080060be   0x00000014   Code   RO         3308    i.__aeabi_vec_new_cookie  cpprt_w.l(aeabi_vec_new_cookie.o)
    0x080060d2   0x080060d2   0x00000010   Code   RO         2806    i.__cxa_guard_acquire  cpprt_w.l(cxa_guard_acquire.o)
    0x080060e2   0x080060e2   0x00000002   PAD
    0x080060e4   0x080060e4   0x00000018   Code   RO         3542    i.__cxa_vec_new     cpprt_w.l(cxa_vec_new.o)
    0x080060fc   0x080060fc   0x0000000e   Code   RO         3831    i.__mathlib_dbl_overflow  m_ws.l(dunder.o)
    0x0800610a   0x0800610a   0x00000002   PAD
    0x0800610c   0x0800610c   0x00000010   Code   RO         3833    i.__mathlib_dbl_underflow  m_ws.l(dunder.o)
    0x0800611c   0x0800611c   0x00000010   Code   RO         3753    i.__mathlib_narrow  m_ws.l(narrow.o)
    0x0800612c   0x0800612c   0x000000bc   Code   RO         3754    i.__mathlib_tofloat  m_ws.l(narrow.o)
    0x080061e8   0x080061e8   0x00000010   Code   RO         2505    i.__sti___10_locale_cpp_ff99fc7b  cpp_ws.l(locale.o)
    0x080061f8   0x080061f8   0x00000038   Code   RO         3517    i.__sti___10_rwcats_cpp_64e8068e  cpp_ws.l(rwcats.o)
    0x08006230   0x08006230   0x00000010   Code   RO         1398    i.__sti___8_char_cpp_a3dc957a  cpp_ws.l(char.o)
    0x08006240   0x08006240   0x00000070   Code   RO           10    i.__sti___9_STM32_cpp_6a897631  stm32.o
    0x080062b0   0x080062b0   0x00000016   Code   RO         3814    i.__support_ldexp   m_ws.l(ldexp.o)
    0x080062c6   0x080062c6   0x0000000e   Code   RO         3054    i._is_digit         c_w.l(__printf_wp.o)
    0x080062d4   0x080062d4   0x0000001a   Code   RO         3453    i.fputc             c_w.l(fputc.o)
    0x080062ee   0x080062ee   0x00000002   PAD
    0x080062f0   0x080062f0   0x00000058   Code   RO         3789    i.frexp             m_ws.l(frexp.o)
    0x08006348   0x08006348   0x00000074   Code   RO         3815    i.ldexp             m_ws.l(ldexp.o)
    0x080063bc   0x080063bc   0x00000028   Code   RO         1254    i.main              app.o
    0x080063e4   0x080063e4   0x0000002c   Code   RO         3477    locale$$code        c_w.l(lc_ctype_c.o)
    0x08006410   0x08006410   0x0000002c   Code   RO         3648    locale$$code        c_w.l(lc_monetary_c.o)
    0x0800643c   0x0800643c   0x0000002c   Code   RO         3651    locale$$code        c_w.l(lc_numeric_c.o)
    0x08006468   0x08006468   0x0000013c   Code   RO          130    t._ZN4__rw11__rw_insertIcSt11char_traitsIcEPKvEERSt13basic_ostreamIT_T0_ES9_T1_  stm32.o
    0x080065a4   0x080065a4   0x00000014   Code   RO          422    t._ZN4__rw12__string_refIcSt11char_traitsIcESaIcEE10_C_inc_refEv  stm32.o
    0x080065b8   0x080065b8   0x00000046   Code   RO         1969    t._ZN4__rw16__rw_facet_makerISt5ctypeIcEE13_C_maker_funcEiPKcj  cpp_ws.l(ios.o)
    0x080065fe   0x080065fe   0x00000002   PAD
    0x08006600   0x08006600   0x00000034   Code   RO         1942    t._ZN4__rw16__rw_facet_makerISt5ctypeIwEE13_C_maker_funcEiPKcj  cpp_ws.l(ios.o)
    0x08006634   0x08006634   0x00000034   Code   RO         2158    t._ZN4__rw16__rw_facet_makerISt7codecvtIccSt11__mbstate_tEE13_C_maker_funcEiPKcj  cpp_ws.l(ios.o)
    0x08006668   0x08006668   0x00000034   Code   RO         2167    t._ZN4__rw16__rw_facet_makerISt7codecvtIwcSt11__mbstate_tEE13_C_maker_funcEiPKcj  cpp_ws.l(ios.o)
    0x0800669c   0x0800669c   0x00000050   Code   RO          356    t._ZN4__rw16__rw_facet_makerISt7num_putIcSt19ostreambuf_iteratorIcSt11char_traitsIcEEEE13_C_maker_funcEiPKcj  stm32.o
    0x080066ec   0x080066ec   0x00000080   Code   RO          546    t._ZN4__rw16__rw_facet_makerISt8numpunctIcEE13_C_maker_funcEiPKcj  stm32.o
    0x0800676c   0x0800676c   0x00000302   Code   RO          225    t._ZN4__rw17__rw_digit_writerIcSt19ostreambuf_iteratorIcSt11char_traitsIcEEE13_C_put_digitsEc  stm32.o
    0x08006a6e   0x08006a6e   0x00000002   PAD
    0x08006a70   0x08006a70   0x00000048   Code   RO          244    t._ZN4__rw17__rw_digit_writerIcSt19ostreambuf_iteratorIcSt11char_traitsIcEEEC1ERS4_RSt8ios_base  stm32.o
    0x08006ab8   0x08006ab8   0x00000056   Code   RO         2601    t._ZN4__rw18__rw_locale_vectorIPNS_15__rw_facet_baseEE6resizeEjRKS2_  cpp_ws.l(locale.o)
    0x08006b0e   0x08006b0e   0x0000000e   Code   RO         2139    t._ZN4__rw18__rw_locale_vectorIPNS_15__rw_facet_baseEED1Ev  cpp_ws.l(ios.o)
    0x08006b1c   0x08006b1c   0x0000000e   Code   RO         3533    t._ZN4__rw18__rw_locale_vectorIPNS_8__rw_catEED1Ev  cpp_ws.l(rwcats.o)
    0x08006b2a   0x08006b2a   0x00000002   PAD
    0x08006b2c   0x08006b2c   0x00000014   Code   RO         2142    t._ZN4__rw18__rw_locale_vectorISsED1Ev  cpp_ws.l(ios.o)
    0x08006b40   0x08006b40   0x00000088   Code   RO         3229    t._ZN4__rw18__rw_locale_vectorISt18__rw_open_cat_dataE6resizeEj  cpp_ws.l(messages.o)
    0x08006bc8   0x08006bc8   0x00000014   Code   RO         3235    t._ZN4__rw18__rw_locale_vectorISt18__rw_open_cat_dataED1Ev  cpp_ws.l(messages.o)
    0x08006bdc   0x08006bdc   0x00000016   Code   RO         1728    t._ZN4__rw23__rw_create_named_facetISt5ctypeIwEEEPT_S4_PKcj  cpp_ws.l(ios.o)
    0x08006bf2   0x08006bf2   0x00000016   Code   RO         1789    t._ZN4__rw23__rw_create_named_facetISt7codecvtIccSt11__mbstate_tEEEPT_S5_PKcj  cpp_ws.l(ios.o)
    0x08006c08   0x08006c08   0x00000016   Code   RO         1842    t._ZN4__rw23__rw_create_named_facetISt7codecvtIwcSt11__mbstate_tEEEPT_S5_PKcj  cpp_ws.l(ios.o)
    0x08006c1e   0x08006c1e   0x00000030   Code   RO          111    t._ZN4__rw23__rw_create_named_facetISt7num_putIcSt19ostreambuf_iteratorIcSt11char_traitsIcEEEEEPT_S8_PKcj  stm32.o
    0x08006c4e   0x08006c4e   0x00000010   Code   RO          201    t._ZN4__rw23__rw_numpunct_impl_dataIcE20_C_get_init_by_name_EPKc  stm32.o
    0x08006c5e   0x08006c5e   0x0000007e   Code   RO          467    t._ZN4__rw23__rw_numpunct_impl_dataIcEC1EPKNS_23__rw_numpunct_init_dataIcEE  stm32.o
    0x08006cdc   0x08006cdc   0x00000064   Code   RO          522    t._ZN4__rw25__rw_digit_handler_base_1IcEC1ERKSt6locale  stm32.o
    0x08006d40   0x08006d40   0x00000006   Code   RO          404    t._ZNKSs5c_strEv    stm32.o
    0x08006d46   0x08006d46   0x00000006   Code   RO         2079    t._ZNKSt13basic_filebufIcSt11char_traitsIcEE7is_openEv  cpp_ws.l(ios.o)
    0x08006d4c   0x08006d4c   0x00000006   Code   RO         2120    t._ZNKSt13basic_filebufIwSt11char_traitsIwEE7is_openEv  cpp_ws.l(ios.o)
    0x08006d52   0x08006d52   0x00000014   Code   RO         2046    t._ZNKSt15basic_streambufIcSt11char_traitsIcEE9_C_is_eofEi  cpp_ws.l(ios.o)
    0x08006d66   0x08006d66   0x00000014   Code   RO         2108    t._ZNKSt15basic_streambufIwSt11char_traitsIwEE9_C_is_eofEi  cpp_ws.l(ios.o)
    0x08006d7a   0x08006d7a   0x0000000e   Code   RO          362    t._ZNKSt19ostreambuf_iteratorIcSt11char_traitsIcEE6failedEv  stm32.o
    0x08006d88   0x08006d88   0x00000010   Code   RO         2067    t._ZNKSt4fposISt11__mbstate_tEeqERKS1_  cpp_ws.l(ios.o)
    0x08006d98   0x08006d98   0x0000000c   Code   RO         2070    t._ZNKSt4fposISt11__mbstate_tEneERKS1_  cpp_ws.l(ios.o)
    0x08006da4   0x08006da4   0x0000001c   Code   RO         2064    t._ZNKSt4fposISt11__mbstate_tEplEl  cpp_ws.l(ios.o)
    0x08006dc0   0x08006dc0   0x00000036   Code   RO          280    t._ZNKSt7num_putIcSt19ostreambuf_iteratorIcSt11char_traitsIcEEE6do_putES3_RSt8ios_basecPKv  stm32.o
    0x08006df6   0x08006df6   0x00000002   PAD
    0x08006df8   0x08006df8   0x00000090   Code   RO         2686    t._ZNKSt8messagesIcE6do_getEiiiRKSs  cpp_ws.l(rwstdexcept.o)
    0x08006e88   0x08006e88   0x00000006   Code   RO         2701    t._ZNKSt8messagesIcE7do_openERKSsRKSt6locale  cpp_ws.l(rwstdexcept.o)
    0x08006e8e   0x08006e8e   0x00000006   Code   RO         1568    t._ZNKSt8numpunctIcE11do_groupingEv  cpp_ws.l(char.o)
    0x08006e94   0x08006e94   0x00000006   Code   RO         1571    t._ZNKSt8numpunctIcE11do_truenameEv  cpp_ws.l(char.o)
    0x08006e9a   0x08006e9a   0x00000006   Code   RO         1574    t._ZNKSt8numpunctIcE12do_falsenameEv  cpp_ws.l(char.o)
    0x08006ea0   0x08006ea0   0x00000004   Code   RO         1562    t._ZNKSt8numpunctIcE16do_decimal_pointEv  cpp_ws.l(char.o)
    0x08006ea4   0x08006ea4   0x00000004   Code   RO         1565    t._ZNKSt8numpunctIcE16do_thousands_sepEv  cpp_ws.l(char.o)
    0x08006ea8   0x08006ea8   0x00000006   Code   RO          325    t._ZNKSt9basic_iosIcSt11char_traitsIcEE5rdbufEv  stm32.o
    0x08006eae   0x08006eae   0x00000002   PAD
    0x08006eb0   0x08006eb0   0x00000074   Code   RO          368    t._ZNSo6sentryC1ERSo  stm32.o
    0x08006f24   0x08006f24   0x000000e8   Code   RO          123    t._ZNSo7_C_opfxEv   stm32.o
    0x0800700c   0x0800700c   0x00000034   Code   RO         1766    t._ZNSoC1EPSt15basic_streambufIcSt11char_traitsIcEE  cpp_ws.l(ios.o)
    0x08007040   0x08007040   0x00000032   Code   RO         2573    t._ZNSs11_C_allocateEjjj  cpp_ws.l(locale.o)
    0x08007072   0x08007072   0x00000018   Code   RO         2610    t._ZNSs7replaceEjjPKcj  cpp_ws.l(locale.o)
    0x0800708a   0x0800708a   0x00000002   PAD
    0x0800708c   0x0800708c   0x00000168   Code   RO         1448    t._ZNSs7replaceEjjPKcjjj  cpp_ws.l(char.o)
    0x080071f4   0x080071f4   0x00000074   Code   RO         1436    t._ZNSs9_C_getRepEjj  cpp_ws.l(char.o)
    0x08007268   0x08007268   0x00000048   Code   RO         1445    t._ZNSs9_C_unlinkEv  cpp_ws.l(char.o)
    0x080072b0   0x080072b0   0x00000038   Code   RO         2576    t._ZNSsC1EPKcRKSaIcE  cpp_ws.l(locale.o)
    0x080072e8   0x080072e8   0x00000010   Code   RO         2607    t._ZNSsC1ERKSaIcE   cpp_ws.l(locale.o)
    0x080072f8   0x080072f8   0x0000003e   Code   RO         1439    t._ZNSsC1ERKSs      cpp_ws.l(char.o)
    0x08007336   0x08007336   0x0000000c   Code   RO         1516    t._ZNSsD1Ev         cpp_ws.l(char.o)
    0x08007342   0x08007342   0x00000002   PAD
    0x08007344   0x08007344   0x0000004c   Code   RO         2582    t._ZNSsaSEPKc       cpp_ws.l(locale.o)
    0x08007390   0x08007390   0x0000003e   Code   RO         2579    t._ZNSsaSERKSs      cpp_ws.l(locale.o)
    0x080073ce   0x080073ce   0x00000072   Code   RO         1795    t._ZNSt13basic_filebufIcSt11char_traitsIcEE10_C_unshiftEv  cpp_ws.l(ios.o)
    0x08007440   0x08007440   0x00000020   Code   RO         2089    t._ZNSt13basic_filebufIcSt11char_traitsIcEE12_C_file_seekEli  cpp_ws.l(ios.o)
    0x08007460   0x08007460   0x00000122   Code   RO         1831    t._ZNSt13basic_filebufIcSt11char_traitsIcEE4syncEv  cpp_ws.l(ios.o)
    0x08007582   0x08007582   0x00000072   Code   RO         1772    t._ZNSt13basic_filebufIcSt11char_traitsIcEE6setbufEPcl  cpp_ws.l(ios.o)
    0x080075f4   0x080075f4   0x000000b4   Code   RO         1823    t._ZNSt13basic_filebufIcSt11char_traitsIcEE7seekoffElNSt8ios_base10_C_seekdirEi  cpp_ws.l(ios.o)
    0x080076a8   0x080076a8   0x0000016e   Code   RO         1816    t._ZNSt13basic_filebufIcSt11char_traitsIcEE8overflowEi  cpp_ws.l(ios.o)
    0x08007816   0x08007816   0x00000002   PAD
    0x08007818   0x08007818   0x00000074   Code   RO         1776    t._ZNSt13basic_filebufIcSt11char_traitsIcEEC1EPSt6__FILEPcl  cpp_ws.l(ios.o)
    0x0800788c   0x0800788c   0x00000020   Code   RO         2130    t._ZNSt13basic_filebufIwSt11char_traitsIwEE12_C_file_seekEli  cpp_ws.l(ios.o)
    0x080078ac   0x080078ac   0x0000012a   Code   RO         1884    t._ZNSt13basic_filebufIwSt11char_traitsIwEE4syncEv  cpp_ws.l(ios.o)
    0x080079d6   0x080079d6   0x0000006e   Code   RO         1748    t._ZNSt13basic_filebufIwSt11char_traitsIwEE6setbufEPwl  cpp_ws.l(ios.o)
    0x08007a44   0x08007a44   0x00000172   Code   RO         1869    t._ZNSt13basic_filebufIwSt11char_traitsIwEE8overflowEi  cpp_ws.l(ios.o)
    0x08007bb6   0x08007bb6   0x00000002   PAD
    0x08007bb8   0x08007bb8   0x00000074   Code   RO         1752    t._ZNSt13basic_filebufIwSt11char_traitsIwEEC1EPSt6__FILEPwl  cpp_ws.l(ios.o)
    0x08007c2c   0x08007c2c   0x00000034   Code   RO         1742    t._ZNSt13basic_ostreamIwSt11char_traitsIwEEC1EPSt15basic_streambufIwS1_E  cpp_ws.l(ios.o)
    0x08007c60   0x08007c60   0x00000012   Code   RO         1984    t._ZNSt15basic_streambufIcSt11char_traitsIcEE10_C_own_bufEb  cpp_ws.l(ios.o)
    0x08007c72   0x08007c72   0x00000012   Code   RO         2052    t._ZNSt15basic_streambufIcSt11char_traitsIcEE11_C_out_lastEb  cpp_ws.l(ios.o)
    0x08007c84   0x08007c84   0x00000012   Code   RO         1981    t._ZNSt15basic_streambufIcSt11char_traitsIcEE17_C_set_unbufferedEb  cpp_ws.l(ios.o)
    0x08007c96   0x08007c96   0x00000004   Code   RO         2412    t._ZNSt15basic_streambufIcSt11char_traitsIcEE4syncEv  cpp_ws.l(ios.o)
    0x08007c9a   0x08007c9a   0x00000020   Code   RO         1782    t._ZNSt15basic_streambufIcSt11char_traitsIcEE5sputcEc  cpp_ws.l(ios.o)
    0x08007cba   0x08007cba   0x00000002   Code   RO         2384    t._ZNSt15basic_streambufIcSt11char_traitsIcEE6setbufEPcl  cpp_ws.l(ios.o)
    0x08007cbc   0x08007cbc   0x0000000e   Code   RO          331    t._ZNSt15basic_streambufIcSt11char_traitsIcEE7pubsyncEv  stm32.o
    0x08007cca   0x08007cca   0x00000008   Code   RO         2387    t._ZNSt15basic_streambufIcSt11char_traitsIcEE7seekoffElNSt8ios_base10_C_seekdirEi  cpp_ws.l(ios.o)
    0x08007cd2   0x08007cd2   0x00000006   Code   RO         2403    t._ZNSt15basic_streambufIcSt11char_traitsIcEE8overflowEi  cpp_ws.l(ios.o)
    0x08007cd8   0x08007cd8   0x00000006   Code   RO         1991    t._ZNSt15basic_streambufIcSt11char_traitsIcEE9pubsetbufEPcl  cpp_ws.l(ios.o)
    0x08007cde   0x08007cde   0x00000012   Code   RO         1957    t._ZNSt15basic_streambufIwSt11char_traitsIwEE10_C_own_bufEb  cpp_ws.l(ios.o)
    0x08007cf0   0x08007cf0   0x00000012   Code   RO         2114    t._ZNSt15basic_streambufIwSt11char_traitsIwEE11_C_out_lastEb  cpp_ws.l(ios.o)
    0x08007d02   0x08007d02   0x00000012   Code   RO         1954    t._ZNSt15basic_streambufIwSt11char_traitsIwEE17_C_set_unbufferedEb  cpp_ws.l(ios.o)
    0x08007d14   0x08007d14   0x00000022   Code   RO         1838    t._ZNSt15basic_streambufIwSt11char_traitsIwEE5sputcEw  cpp_ws.l(ios.o)
    0x08007d36   0x08007d36   0x00000002   Code   RO         2430    t._ZNSt15basic_streambufIwSt11char_traitsIwEE6setbufEPwl  cpp_ws.l(ios.o)
    0x08007d38   0x08007d38   0x00000006   Code   RO         2449    t._ZNSt15basic_streambufIwSt11char_traitsIwEE8overflowEi  cpp_ws.l(ios.o)
    0x08007d3e   0x08007d3e   0x00000006   Code   RO         1987    t._ZNSt15basic_streambufIwSt11char_traitsIwEE9pubsetbufEPwl  cpp_ws.l(ios.o)
    0x08007d44   0x08007d44   0x0000002c   Code   RO          207    t._ZNSt15numpunct_bynameIcEC1EPKcj  stm32.o
    0x08007d70   0x08007d70   0x00000036   Code   RO          219    t._ZNSt19ostreambuf_iteratorIcSt11char_traitsIcEEaSEc  stm32.o
    0x08007da6   0x08007da6   0x0000000e   Code   RO         2055    t._ZNSt4fposISt11__mbstate_tEC1ERKS1_  cpp_ws.l(ios.o)
    0x08007db4   0x08007db4   0x0000000a   Code   RO         1960    t._ZNSt4fposISt11__mbstate_tEC1El  cpp_ws.l(ios.o)
    0x08007dbe   0x08007dbe   0x00000012   Code   RO         2058    t._ZNSt4fposISt11__mbstate_tEaSERKS1_  cpp_ws.l(ios.o)
    0x08007dd0   0x08007dd0   0x00000008   Code   RO         2149    t._ZNSt4fposISt11__mbstate_tEpLEl  cpp_ws.l(ios.o)
    0x08007dd8   0x08007dd8   0x00000020   Code   RO          350    t._ZNSt7num_putIcSt19ostreambuf_iteratorIcSt11char_traitsIcEEEC1Ej  stm32.o
    0x08007df8   0x08007df8   0x00000082   Code   RO         1487    t._ZNSt8numpunctIcE12_C_initfacetERKSt6locale  cpp_ws.l(char.o)
    0x08007e7a   0x08007e7a   0x00000002   PAD
    0x08007e7c   0x08007e7c   0x00000038   Code   RO          179    t._ZNSt8numpunctIcEC1EjPKN4__rw23__rw_numpunct_init_dataIcEE  stm32.o
    0x08007eb4   0x08007eb4   0x0000005c   Code   RO         1758    t._ZNSt9basic_iosIcSt11char_traitsIcEE4initEPSt15basic_streambufIcS1_E  cpp_ws.l(ios.o)
    0x08007f10   0x08007f10   0x0000002a   Code   RO           81    t._ZNSt9basic_iosIcSt11char_traitsIcEE5clearEii  stm32.o
    0x08007f3a   0x08007f3a   0x0000001e   Code   RO           99    t._ZNSt9basic_iosIcSt11char_traitsIcEE8setstateEi  stm32.o
    0x08007f58   0x08007f58   0x00000010   Code   RO         1975    t._ZNSt9basic_iosIcSt11char_traitsIcEEC1Ev  cpp_ws.l(ios.o)
    0x08007f68   0x08007f68   0x0000005c   Code   RO         1734    t._ZNSt9basic_iosIwSt11char_traitsIwEE4initEPSt15basic_streambufIwS1_E  cpp_ws.l(ios.o)
    0x08007fc4   0x08007fc4   0x00000010   Code   RO         1948    t._ZNSt9basic_iosIwSt11char_traitsIwEEC1Ev  cpp_ws.l(ios.o)
    0x08007fd4   0x08007fd4   0x0000000c   Code   RO         1510    t._ZSt3maxIjERKT_S2_S2_  cpp_ws.l(char.o)
    0x08007fe0   0x08007fe0   0x0000001c   Code   RO         2076    t._ZSt9use_facetISt7codecvtIccSt11__mbstate_tEERKT_RKSt6locale  cpp_ws.l(ios.o)
    0x08007ffc   0x08007ffc   0x0000001c   Code   RO         2117    t._ZSt9use_facetISt7codecvtIwcSt11__mbstate_tEERKT_RKSt6locale  cpp_ws.l(ios.o)
    0x08008018   0x08008018   0x00000062   Code   RO         3784    x$fpl$d2f           fz_ws.l(d2f.o)
    0x0800807a   0x0800807a   0x00000002   PAD
    0x0800807c   0x0800807c   0x00000010   Code   RO         3825    x$fpl$dcheck1       fz_ws.l(dcheck1.o)
    0x0800808c   0x0800808c   0x00000018   Code   RO         3570    x$fpl$dcmpinf       fz_ws.l(dcmpi.o)
    0x080080a4   0x080080a4   0x00000078   Code   RO         3326    x$fpl$deqf          fz_ws.l(deqf.o)
    0x0800811c   0x0800811c   0x00000078   Code   RO         3328    x$fpl$dleqf         fz_ws.l(dleqf.o)
    0x08008194   0x08008194   0x0000009c   Code   RO         3572    x$fpl$dnaninf       fz_ws.l(dnaninf.o)
    0x08008230   0x08008230   0x0000006c   Code   RO         3786    x$fpl$drleqf        fz_ws.l(drleqf.o)
    0x0800829c   0x0800829c   0x0000000a   Code   RO         3809    x$fpl$fretinf       fz_ws.l(fretinf.o)
    0x080082a6   0x080082a6   0x00000006   Code   RO         3704    x$fpl$ieeestatus    fz_ws.l(istatus.o)
    0x080082ac   0x080082ac   0x00000004   Code   RO         3330    x$fpl$printf1       fz_ws.l(printf1.o)
    0x080082b0   0x080082b0   0x00000004   Code   RO         3332    x$fpl$printf2       fz_ws.l(printf2.o)
    0x080082b4   0x080082b4   0x00000064   Code   RO         3854    x$fpl$retnan        fz_ws.l(retnan.o)
    0x08008318   0x08008318   0x0000005c   Code   RO         3811    x$fpl$scalbn        fz_ws.l(scalbn.o)
    0x08008374   0x08008374   0x00000004   Code   RO         3576    x$fpl$scanf1        fz_ws.l(scanf1.o)
    0x08008378   0x08008378   0x00000008   Code   RO         3747    x$fpl$scanf2        fz_ws.l(scanf2.o)
    0x08008380   0x08008380   0x00000030   Code   RO         3858    x$fpl$trapveneer    fz_ws.l(trapv.o)
    0x080083b0   0x080083b0   0x00000000   Code   RO         3578    x$fpl$usenofp       fz_ws.l(usenofp.o)
    0x080083b0   0x080083b0   0x00000200   Data   RO         1418    .constdata          cpp_ws.l(char.o)
    0x080085b0   0x080085b0   0x00000058   Data   RO         1680    .constdata          cpp_ws.l(ios.o)
    0x08008608   0x08008608   0x0000005c   Data   RO         2671    .constdata          cpp_ws.l(rwstdexcept.o)
    0x08008664   0x08008664   0x00000008   Data   RO         3013    .constdata          c_w.l(_printf_wctomb.o)
    0x0800866c   0x0800866c   0x00000028   Data   RO         3042    .constdata          c_w.l(_printf_hex_int_ll_ptr.o)
    0x08008694   0x08008694   0x00000011   Data   RO         3062    .constdata          c_w.l(__printf_flags_ss_wp.o)
    0x080086a5   0x080086a5   0x00000004   Data   RO         3339    .constdata          c_w.l(sys_io.o)
    0x080086a9   0x080086a9   0x00000004   Data   RO         3340    .constdata          c_w.l(sys_io.o)
    0x080086ad   0x080086ad   0x00000004   Data   RO         3341    .constdata          c_w.l(sys_io.o)
    0x080086b1   0x080086b1   0x00000026   Data   RO         3409    .constdata          c_w.l(_printf_fp_hex.o)
    0x080086d7   0x080086d7   0x00000001   PAD
    0x080086d8   0x080086d8   0x00000094   Data   RO         3618    .constdata          c_w.l(bigflt0.o)
    0x0800876c   0x0800876c   0x0000000c   Data   RO          584    .constdata__ZN4__rw14__rw_bool_nameIcE7_C_nameE  stm32.o
    0x08008778   0x08008778   0x00000010   Data   RO          573    .constdata__ZN4__rw18__rw_numpunct_implIcE8_C_ivalsE  stm32.o
    0x08008788   0x08008788   0x00000010   Data   RO          570    .constdata__ZTVN4__rw17__rw_digit_writerIcSt19ostreambuf_iteratorIcSt11char_traitsIcEEEE  stm32.o
    0x08008798   0x08008798   0x00000010   Data   RO          563    .constdata__ZTVN4__rw22__rw_digit_writer_baseE  stm32.o
    0x080087a8   0x080087a8   0x00000010   Data   RO          568    .constdata__ZTVN4__rw24__rw_digit_writer_base_1IcEE  stm32.o
    0x080087b8   0x080087b8   0x00000014   Data   RO          561    .constdata__ZTVNSt6locale5facetE  stm32.o
    0x080087cc   0x080087cc   0x00000008   Data   RO         2187    .constdata__ZTVSi   cpp_ws.l(ios.o)
    0x080087d4   0x080087d4   0x00000028   Data   RO         2189    .constdata__ZTVSi   cpp_ws.l(ios.o)
    0x080087fc   0x080087fc   0x00000008   Data   RO         2190    .constdata__ZTVSo   cpp_ws.l(ios.o)
    0x08008804   0x08008804   0x00000028   Data   RO         2192    .constdata__ZTVSo   cpp_ws.l(ios.o)
    0x0800882c   0x0800882c   0x00000034   Data   RO         1591    .constdata__ZTVSt12ctype_bynameIcE  cpp_ws.l(char.o)
    0x08008860   0x08008860   0x00000040   Data   RO         1701    .constdata__ZTVSt13basic_filebufIcSt11char_traitsIcEE  cpp_ws.l(ios.o)
    0x080088a0   0x080088a0   0x00000040   Data   RO         1703    .constdata__ZTVSt13basic_filebufIwSt11char_traitsIwEE  cpp_ws.l(ios.o)
    0x080088e0   0x080088e0   0x00000008   Data   RO         2195    .constdata__ZTVSt13basic_istreamIwSt11char_traitsIwEE  cpp_ws.l(ios.o)
    0x080088e8   0x080088e8   0x00000028   Data   RO         2197    .constdata__ZTVSt13basic_istreamIwSt11char_traitsIwEE  cpp_ws.l(ios.o)
    0x08008910   0x08008910   0x00000008   Data   RO         2198    .constdata__ZTVSt13basic_ostreamIwSt11char_traitsIwEE  cpp_ws.l(ios.o)
    0x08008918   0x08008918   0x00000028   Data   RO         2200    .constdata__ZTVSt13basic_ostreamIwSt11char_traitsIwEE  cpp_ws.l(ios.o)
    0x08008940   0x08008940   0x00000014   Data   RO         2711    .constdata__ZTVSt14__rw_exception  cpp_ws.l(rwstdexcept.o)
    0x08008954   0x08008954   0x00000040   Data   RO         2186    .constdata__ZTVSt15basic_streambufIcSt11char_traitsIcEE  cpp_ws.l(ios.o)
    0x08008994   0x08008994   0x00000040   Data   RO         2194    .constdata__ZTVSt15basic_streambufIwSt11char_traitsIwEE  cpp_ws.l(ios.o)
    0x080089d4   0x080089d4   0x00000028   Data   RO          565    .constdata__ZTVSt15numpunct_bynameIcE  stm32.o
    0x080089fc   0x080089fc   0x00000034   Data   RO         1429    .constdata__ZTVSt5ctypeIcE  cpp_ws.l(char.o)
    0x08008a30   0x08008a30   0x00000044   Data   RO         2176    .constdata__ZTVSt5ctypeIwE  cpp_ws.l(ios.o)
    0x08008a74   0x08008a74   0x00000030   Data   RO         2182    .constdata__ZTVSt7codecvtIccSt11__mbstate_tE  cpp_ws.l(ios.o)
    0x08008aa4   0x08008aa4   0x00000030   Data   RO         2184    .constdata__ZTVSt7codecvtIwcSt11__mbstate_tE  cpp_ws.l(ios.o)
    0x08008ad4   0x08008ad4   0x00000044   Data   RO           77    .constdata__ZTVSt7num_putIcSt19ostreambuf_iteratorIcSt11char_traitsIcEEE  stm32.o
    0x08008b18   0x08008b18   0x00000010   Data   RO         2174    .constdata__ZTVSt8ios_base  cpp_ws.l(ios.o)
    0x08008b28   0x08008b28   0x00000020   Data   RO         2684    .constdata__ZTVSt8messagesIcE  cpp_ws.l(rwstdexcept.o)
    0x08008b48   0x08008b48   0x00000028   Data   RO           72    .constdata__ZTVSt8numpunctIcE  stm32.o
    0x08008b70   0x08008b70   0x00000010   Data   RO         2178    .constdata__ZTVSt9basic_iosIcSt11char_traitsIcEE  cpp_ws.l(ios.o)
    0x08008b80   0x08008b80   0x00000010   Data   RO         2180    .constdata__ZTVSt9basic_iosIwSt11char_traitsIwEE  cpp_ws.l(ios.o)
    0x08008b90   0x08008b90   0x00000014   Data   RO         3292    .constdata__ZTVSt9exception  cpprt_w.l(exception_dtor.o)
    0x08008ba4   0x08008ba4   0x00000001   Data   RO         1704    .constdata__ZZN4__rw24__rw_create_native_facetISt5ctypeIwEEEPT_S4_Es  cpp_ws.l(ios.o)
    0x08008ba5   0x08008ba5   0x00000001   Data   RO         1705    .constdata__ZZN4__rw24__rw_create_native_facetISt7codecvtIccSt11__mbstate_tEEEPT_S5_Es  cpp_ws.l(ios.o)
    0x08008ba6   0x08008ba6   0x00000001   Data   RO         1706    .constdata__ZZN4__rw24__rw_create_native_facetISt7codecvtIwcSt11__mbstate_tEEEPT_S5_Es  cpp_ws.l(ios.o)
    0x08008ba7   0x08008ba7   0x00000001   Data   RO           78    .constdata__ZZN4__rw24__rw_create_native_facetISt7num_putIcSt19ostreambuf_iteratorIcSt11char_traitsIcEEEEEPT_S8_Es  stm32.o
    0x08008ba8   0x08008ba8   0x00000001   Data   RO           73    .constdata__ZZN4__rw24__rw_create_native_facetISt8numpunctIcEEEPT_S4_Es  stm32.o
    0x08008ba9   0x08008ba9   0x00000001   Data   RO         2570    .constdata__ZZNK4__rw15__rw_locale_imp16_C_category_nameEiEs  cpp_ws.l(locale.o)
    0x08008baa   0x08008baa   0x00000001   Data   RO           74    .constdata__ZZNSs7replaceEjjPKcjjjEs  stm32.o
    0x08008bab   0x08008bab   0x00000001   Data   RO           75    .constdata__ZZNSs9_C_getRepEjjEs  stm32.o
    0x08008bac   0x08008bac   0x00000002   Data   RO         2685    .constdata__ZZNSt8messagesIcEC1EjEs  cpp_ws.l(rwstdexcept.o)
    0x08008bae   0x08008bae   0x00000002   PAD
    0x08008bb0   0x08008bb0   0x00000272   Data   RO         2672    .conststring        cpp_ws.l(rwstdexcept.o)
    0x08008e22   0x08008e22   0x00000002   PAD
    0x08008e24   0x08008e24   0x00000001   Data   RO          574    .conststring__ZN4__rw18__rw_numpunct_implIcE8_C_ivalsE  stm32.o
    0x08008e25   0x08008e25   0x00000003   PAD
    0x08008e28   0x08008e28   0x00000020   Data   RO         3860    Region$$Table       anon$$obj.o
    0x08008e48   0x08008e48   0x00000008   Data   RO         3743    c$$dinf             fz_ws.l(fpconst.o)
    0x08008e50   0x08008e50   0x00000008   Data   RO         3746    c$$dmax             fz_ws.l(fpconst.o)
    0x08008e58   0x08008e58   0x00000110   Data   RO         3476    locale$$data        c_w.l(lc_ctype_c.o)
    0x08008f68   0x08008f68   0x00000010   Data   RO         3646    locale$$data        c_w.l(null_locale.o)
    0x08008f78   0x08008f78   0x00000038   Data   RO         3647    locale$$data        c_w.l(lc_monetary_c.o)
    0x08008fb0   0x08008fb0   0x0000001c   Data   RO         3650    locale$$data        c_w.l(lc_numeric_c.o)
    0x08008fcc   0x08008fcc   0x00000004   Data   RO           19    .init_array         stm32.o
    0x08008fd0   0x08008fcc   0x00000000   Data   RO         1381    .init_array         c_w.l(init_aeabi.o)
    0x08008fd0   0x08008fcc   0x00000004   Data   RO         1420    .init_array         cpp_ws.l(char.o)
    0x08008fd4   0x08008fcc   0x00000004   Data   RO         2553    .init_array         cpp_ws.l(locale.o)
    0x08008fd8   0x08008fcc   0x00000004   Data   RO         3527    .init_array         cpp_ws.l(rwcats.o)


    Execution Region ER_RW (Exec base: 0x20000000, Load base: 0x08008fdc, Size: 0x0000008c, Max: 0xffffffff, ABSOLUTE)

    Exec Addr    Load Addr    Size         Type   Attr      Idx    E Section Name        Object

    0x20000000   0x08008fdc   0x00000001   Data   RW           18    .data               stm32.o
    0x20000001   0x08008fdd   0x00000003   PAD
    0x20000004   0x08008fe0   0x00000004   Data   RW         1359    .data               c_w.l(stdio_streams.o)
    0x20000008   0x08008fe4   0x00000004   Data   RW         1360    .data               c_w.l(stdio_streams.o)
    0x2000000c   0x08008fe8   0x00000004   Data   RW         1361    .data               c_w.l(stdio_streams.o)
    0x20000010   0x08008fec   0x00000008   Data   RW         1419    .data               cpp_ws.l(char.o)
    0x20000018   0x08008ff4   0x00000001   Data   RW         1682    .data               cpp_ws.l(ios.o)
    0x20000019   0x08008ff5   0x00000003   PAD
    0x2000001c   0x08008ff8   0x0000000c   Data   RW         1683    .data               cpp_ws.l(ios.o)
    0x20000028   0x08009004   0x00000004   Data   RW         1685    .data               cpp_ws.l(ios.o)
    0x2000002c   0x08009008   0x0000001c   Data   RW         2552    .data               cpp_ws.l(locale.o)
    0x20000048   0x08009024   0x00000017   Data   RW         2673    .data               cpp_ws.l(rwstdexcept.o)
    0x2000005f   0x0800903b   0x00000001   Data   RW         2674    .data               cpp_ws.l(rwstdexcept.o)
    0x20000060   0x0800903c   0x00000004   Data   RW         3250    .data               cpp_ws.l(rwthrowproc_noex.o)
    0x20000064   0x08009040   0x00000008   Data   RW         3526    .data               cpp_ws.l(rwcats.o)
    0x2000006c   0x08009048   0x00000008   Data   RW           80    .data__ZNSt7num_putIcSt19ostreambuf_iteratorIcSt11char_traitsIcEEE2idE  stm32.o
    0x20000074   0x08009050   0x00000008   Data   RW           79    .data__ZNSt8numpunctIcE2idE  stm32.o
    0x2000007c   0x08009058   0x00000004   Data   RW         2634    .data__ZZNKSt6locale2id7_C_initEvE9_C_id_gen  cpp_ws.l(locale.o)
    0x20000080   0x0800905c   0x0000000c   Data   RW         3248    .data__ZZSt13__rw_get_catsvE11__open_cats  cpp_ws.l(messages.o)


    Execution Region ER_ZI (Exec base: 0x2000008c, Load base: 0x08009068, Size: 0x00002514, Max: 0xffffffff, ABSOLUTE)

    Exec Addr    Load Addr    Size         Type   Attr      Idx    E Section Name        Object

    0x2000008c        -       0x00000054   Zero   RW         1356    .bss                c_w.l(stdio_streams.o)
    0x200000e0        -       0x00000054   Zero   RW         1357    .bss                c_w.l(stdio_streams.o)
    0x20000134        -       0x00000054   Zero   RW         1358    .bss                c_w.l(stdio_streams.o)
    0x20000188        -       0x00001d30   Zero   RW         1643    .bss                cpp_ws.l(ios.o)
    0x20001eb8        -       0x00000018   Zero   RW         2670    .bss                cpp_ws.l(rwstdexcept.o)
    0x20001ed0        -       0x0000002a   Zero   RW         3117    .bss                c_w.l(locale.o)
    0x20001efa   0x08009068   0x00000002   PAD
    0x20001efc        -       0x00000030   Zero   RW         3120    .bss                c_w.l(localeconv.o)
    0x20001f2c        -       0x00000060   Zero   RW         3346    .bss                c_w.l(libspace.o)
    0x20001f8c        -       0x00000010   Zero   RW         3249    .bss__ZNSs9__nullrefE  cpp_ws.l(messages.o)
    0x20001f9c   0x08009068   0x00000004   PAD
    0x20001fa0        -       0x00000200   Zero   RW         1277    HEAP                startup_stm32f10x_md.o
    0x200021a0        -       0x00000400   Zero   RW         1276    STACK               startup_stm32f10x_md.o

